#
# There is insufficient memory for the Java Runtime Environment to continue.
# Native memory allocation (malloc) failed to allocate 264336 bytes for Chunk::new
# Possible reasons:
#   The system is out of physical RAM or swap space
#   The process is running with CompressedOops enabled, and the Java Heap may be blocking the growth of the native heap
# Possible solutions:
#   Reduce memory load on the system
#   Increase physical memory or swap space
#   Check if swap backing store is full
#   Decrease Java heap size (-Xmx/-Xms)
#   Decrease number of Java threads
#   Decrease Java thread stack sizes (-Xss)
#   Set larger code cache with -XX:ReservedCodeCacheSize=
#   JVM is running with Unscaled Compressed Oops mode in which the Java heap is
#     placed in the first 4GB address space. The Java Heap base address is the
#     maximum limit for the native heap growth. Please use -XX:HeapBaseMinAddress
#     to set the Java Heap base and to place the Java Heap above 4GB virtual address.
# This output file may be truncated or incomplete.
#
#  Out of Memory Error (arena.cpp:168), pid=11420, tid=21656
#
# JRE version: Java(TM) SE Runtime Environment (21.0.7+8) (build 21.0.7+8-LTS-245)
# Java VM: Java HotSpot(TM) 64-Bit Server VM (21.0.7+8-LTS-245, mixed mode, sharing, tiered, compressed oops, compressed class ptrs, g1 gc, windows-amd64)
# No core dump will be written. Minidumps are not enabled by default on client versions of Windows
#

---------------  S U M M A R Y ------------

Command Line: --add-opens=java.base/java.lang=ALL-UNNAMED --add-opens=java.base/java.lang.invoke=ALL-UNNAMED --add-opens=java.base/java.util=ALL-UNNAMED --add-opens=java.prefs/java.util.prefs=ALL-UNNAMED --add-exports=jdk.compiler/com.sun.tools.javac.api=ALL-UNNAMED --add-exports=jdk.compiler/com.sun.tools.javac.util=ALL-UNNAMED --add-opens=java.base/java.util=ALL-UNNAMED --add-opens=java.prefs/java.util.prefs=ALL-UNNAMED --add-opens=java.base/java.nio.charset=ALL-UNNAMED --add-opens=java.base/java.net=ALL-UNNAMED --add-opens=java.base/java.util.concurrent.atomic=ALL-UNNAMED --add-opens=java.xml/javax.xml.namespace=ALL-UNNAMED -XX:MaxMetaspaceSize=384m -XX:+HeapDumpOnOutOfMemoryError -Xms256m -Xmx512m -Dfile.encoding=UTF-8 -Duser.country=BR -Duser.language=pt -Duser.variant -javaagent:C:\Users\emiis\.gradle\wrapper\dists\gradle-8.14-bin\38aieal9i53h9rfe7vjup95b9\gradle-8.14\lib\agents\gradle-instrumentation-agent-8.14.jar -Xmx512M org.gradle.launcher.daemon.bootstrap.GradleDaemon 8.14

Host: AMD Ryzen 3 PRO 4350G with Radeon Graphics, 8 cores, 7G,  Windows 11 , 64 bit Build 26100 (10.0.26100.4202)
Time: Wed Jun  4 20:32:49 2025 Hora oficial do Brasil elapsed time: 84.245282 seconds (0d 0h 1m 24s)

---------------  T H R E A D  ---------------

Current thread (0x0000029e9b22d2c0):  JavaThread "C2 CompilerThread0" daemon [_thread_in_native, id=21656, stack(0x000000f99a800000,0x000000f99a900000) (1024K)]


Current CompileTask:
C2:  84245 7319   !   4       java.util.concurrent.ConcurrentHashMap::putVal (432 bytes)

Stack: [0x000000f99a800000,0x000000f99a900000]
Native frames: (J=compiled Java code, j=interpreted, Vv=VM code, C=native code)
V  [jvm.dll+0x6cae19]
V  [jvm.dll+0x855741]
V  [jvm.dll+0x857c6e]
V  [jvm.dll+0x858343]
V  [jvm.dll+0x27e0b6]
V  [jvm.dll+0xc4ecd]
V  [jvm.dll+0xc5403]
V  [jvm.dll+0x3b5752]
V  [jvm.dll+0x381e25]
V  [jvm.dll+0x38129a]
V  [jvm.dll+0x246b30]
V  [jvm.dll+0x24610f]
V  [jvm.dll+0x1c6efe]
V  [jvm.dll+0x255819]
V  [jvm.dll+0x253daa]
V  [jvm.dll+0x3eebb6]
V  [jvm.dll+0x7ffa1b]
V  [jvm.dll+0x6c94fd]
C  [ucrtbase.dll+0x37b0]
C  [KERNEL32.DLL+0x2e8d7]
C  [ntdll.dll+0x3c34c]


---------------  P R O C E S S  ---------------

Threads class SMR info:
_java_thread_list=0x0000029eba5b9590, length=48, elements={
0x0000029efe25c850, 0x0000029e9b215830, 0x0000029e9b216280, 0x0000029e9b2192f0,
0x0000029e9b21c0e0, 0x0000029e9b21f0d0, 0x0000029e9b2286b0, 0x0000029e9b22d2c0,
0x0000029e9b232560, 0x0000029e9b334670, 0x0000029e9b4e86f0, 0x0000029eb5fce460,
0x0000029eb58fb220, 0x0000029eb6664390, 0x0000029eb6601790, 0x0000029eb66024b0,
0x0000029eb6601e20, 0x0000029eb6603ef0, 0x0000029eb8e7b6e0, 0x0000029eb8e7e4d0,
0x0000029eb8e7b050, 0x0000029eb8e7ca90, 0x0000029eb8e7f1f0, 0x0000029eb8e7c400,
0x0000029eb8e7bd70, 0x0000029eb8e812c0, 0x0000029eb8e7ff10, 0x0000029eb8e805a0,
0x0000029eb6600a70, 0x0000029eb6601100, 0x0000029eb6602b40, 0x0000029eb66031d0,
0x0000029eb6603860, 0x0000029eb8e7f880, 0x0000029eb8e80c30, 0x0000029eb8e7de40,
0x0000029eb8e7d7b0, 0x0000029eb8e81950, 0x0000029eb8e82670, 0x0000029eb8e81fe0,
0x0000029eb5491320, 0x0000029eb5490600, 0x0000029eb548ff70, 0x0000029eb54926d0,
0x0000029eb54919b0, 0x0000029eb5492d60, 0x0000029eb5492040, 0x0000029eb5490c90
}

Java Threads: ( => current thread )
  0x0000029efe25c850 JavaThread "main"                              [_thread_blocked, id=2248, stack(0x000000f999a00000,0x000000f999b00000) (1024K)]
  0x0000029e9b215830 JavaThread "Reference Handler"          daemon [_thread_blocked, id=15660, stack(0x000000f99a200000,0x000000f99a300000) (1024K)]
  0x0000029e9b216280 JavaThread "Finalizer"                  daemon [_thread_blocked, id=23460, stack(0x000000f99a300000,0x000000f99a400000) (1024K)]
  0x0000029e9b2192f0 JavaThread "Signal Dispatcher"          daemon [_thread_blocked, id=20304, stack(0x000000f99a400000,0x000000f99a500000) (1024K)]
  0x0000029e9b21c0e0 JavaThread "Attach Listener"            daemon [_thread_blocked, id=4596, stack(0x000000f99a500000,0x000000f99a600000) (1024K)]
  0x0000029e9b21f0d0 JavaThread "Service Thread"             daemon [_thread_blocked, id=19336, stack(0x000000f99a600000,0x000000f99a700000) (1024K)]
  0x0000029e9b2286b0 JavaThread "Monitor Deflation Thread"   daemon [_thread_blocked, id=16356, stack(0x000000f99a700000,0x000000f99a800000) (1024K)]
=>0x0000029e9b22d2c0 JavaThread "C2 CompilerThread0"         daemon [_thread_in_native, id=21656, stack(0x000000f99a800000,0x000000f99a900000) (1024K)]
  0x0000029e9b232560 JavaThread "C1 CompilerThread0"         daemon [_thread_in_native, id=14824, stack(0x000000f99a900000,0x000000f99aa00000) (1024K)]
  0x0000029e9b334670 JavaThread "Common-Cleaner"             daemon [_thread_blocked, id=16944, stack(0x000000f99aa00000,0x000000f99ab00000) (1024K)]
  0x0000029e9b4e86f0 JavaThread "Notification Thread"        daemon [_thread_blocked, id=7516, stack(0x000000f99ab00000,0x000000f99ac00000) (1024K)]
  0x0000029eb5fce460 JavaThread "Daemon health stats"               [_thread_blocked, id=16400, stack(0x000000f99b500000,0x000000f99b600000) (1024K)]
  0x0000029eb58fb220 JavaThread "Incoming local TCP Connector on port 63969"        [_thread_in_native, id=20312, stack(0x000000f99b600000,0x000000f99b700000) (1024K)]
  0x0000029eb6664390 JavaThread "Daemon periodic checks"            [_thread_blocked, id=5444, stack(0x000000f99b700000,0x000000f99b800000) (1024K)]
  0x0000029eb6601790 JavaThread "Cache worker for journal cache (C:\Users\emiis\.gradle\caches\journal-1)"        [_thread_blocked, id=5040, stack(0x000000f99be00000,0x000000f99bf00000) (1024K)]
  0x0000029eb66024b0 JavaThread "File lock request listener"        [_thread_in_native, id=9428, stack(0x000000f99bf00000,0x000000f99c000000) (1024K)]
  0x0000029eb6601e20 JavaThread "Cache worker for file hash cache (C:\Users\emiis\.gradle\caches\8.14\fileHashes)"        [_thread_blocked, id=23256, stack(0x000000f99c000000,0x000000f99c100000) (1024K)]
  0x0000029eb6603ef0 JavaThread "File watcher server"        daemon [_thread_in_native, id=22100, stack(0x000000f99c500000,0x000000f99c600000) (1024K)]
  0x0000029eb8e7b6e0 JavaThread "File watcher consumer"      daemon [_thread_blocked, id=23100, stack(0x000000f99c600000,0x000000f99c700000) (1024K)]
  0x0000029eb8e7e4d0 JavaThread "jar transforms"                    [_thread_blocked, id=19776, stack(0x000000f99c100000,0x000000f99c200000) (1024K)]
  0x0000029eb8e7b050 JavaThread "jar transforms Thread 2"           [_thread_blocked, id=17836, stack(0x000000f99c700000,0x000000f99c800000) (1024K)]
  0x0000029eb8e7ca90 JavaThread "jar transforms Thread 3"           [_thread_blocked, id=23240, stack(0x000000f99c800000,0x000000f99c900000) (1024K)]
  0x0000029eb8e7f1f0 JavaThread "jar transforms Thread 4"           [_thread_blocked, id=21456, stack(0x000000f99ca00000,0x000000f99cb00000) (1024K)]
  0x0000029eb8e7c400 JavaThread "jar transforms Thread 5"           [_thread_blocked, id=19604, stack(0x000000f99cb00000,0x000000f99cc00000) (1024K)]
  0x0000029eb8e7bd70 JavaThread "Cache worker for file content cache (C:\Users\emiis\.gradle\caches\8.14\fileContent)"        [_thread_blocked, id=7544, stack(0x000000f99cd00000,0x000000f99ce00000) (1024K)]
  0x0000029eb8e812c0 JavaThread "jar transforms Thread 6"           [_thread_blocked, id=15392, stack(0x000000f99ce00000,0x000000f99cf00000) (1024K)]
  0x0000029eb8e7ff10 JavaThread "jar transforms Thread 7"           [_thread_blocked, id=12660, stack(0x000000f99cf00000,0x000000f99d000000) (1024K)]
  0x0000029eb8e805a0 JavaThread "jar transforms Thread 8"           [_thread_blocked, id=12140, stack(0x000000f99d000000,0x000000f99d100000) (1024K)]
  0x0000029eb6600a70 JavaThread "File lock release action executor"        [_thread_blocked, id=19652, stack(0x000000f999700000,0x000000f999800000) (1024K)]
  0x0000029eb6601100 JavaThread "Daemon Thread 2"                   [_thread_blocked, id=20596, stack(0x000000f999800000,0x000000f999900000) (1024K)]
  0x0000029eb6602b40 JavaThread "Handler for socket connection from /127.0.0.1:63969 to /127.0.0.1:64007"        [_thread_in_native, id=12544, stack(0x000000f999900000,0x000000f999a00000) (1024K)]
  0x0000029eb66031d0 JavaThread "Cancel handler"                    [_thread_blocked, id=23040, stack(0x000000f99ad00000,0x000000f99ae00000) (1024K)]
  0x0000029eb6603860 JavaThread "Daemon worker Thread 2"            [_thread_in_Java, id=22108, stack(0x000000f99b900000,0x000000f99ba00000) (1024K)]
  0x0000029eb8e7f880 JavaThread "Asynchronous log dispatcher for DefaultDaemonConnection: socket connection from /127.0.0.1:63969 to /127.0.0.1:64007"        [_thread_blocked, id=6632, stack(0x000000f99ba00000,0x000000f99bb00000) (1024K)]
  0x0000029eb8e80c30 JavaThread "Stdin handler"                     [_thread_blocked, id=21784, stack(0x000000f99bb00000,0x000000f99bc00000) (1024K)]
  0x0000029eb8e7de40 JavaThread "Daemon client event forwarder"        [_thread_in_Java, id=18492, stack(0x000000f99bc00000,0x000000f99bd00000) (1024K)]
  0x0000029eb8e7d7b0 JavaThread "Cache worker for file hash cache (C:\Users\emiis\Desktop\portifólioPOO\backend\.gradle\8.14\fileHashes)"        [_thread_blocked, id=3296, stack(0x000000f99bd00000,0x000000f99be00000) (1024K)]
  0x0000029eb8e81950 JavaThread "Cache worker for Build Output Cleanup Cache (C:\Users\emiis\Desktop\portifólioPOO\backend\.gradle\buildOutputCleanup)"        [_thread_blocked, id=7276, stack(0x000000f99c300000,0x000000f99c400000) (1024K)]
  0x0000029eb8e82670 JavaThread "Cache worker for checksums cache (C:\Users\emiis\Desktop\portifólioPOO\backend\.gradle\8.14\checksums)"        [_thread_blocked, id=22424, stack(0x000000f99c400000,0x000000f99c500000) (1024K)]
  0x0000029eb8e81fe0 JavaThread "Cache worker for cache directory md-supplier (C:\Users\emiis\.gradle\caches\8.14\md-supplier)"        [_thread_blocked, id=1092, stack(0x000000f99c900000,0x000000f99ca00000) (1024K)]
  0x0000029eb5491320 JavaThread "Cache worker for cache directory md-rule (C:\Users\emiis\.gradle\caches\8.14\md-rule)"        [_thread_blocked, id=20412, stack(0x000000f99cc00000,0x000000f99cd00000) (1024K)]
  0x0000029eb5490600 JavaThread "Unconstrained build operations"        [_thread_blocked, id=21868, stack(0x000000f99d100000,0x000000f99d200000) (1024K)]
  0x0000029eb548ff70 JavaThread "Unconstrained build operations Thread 2"        [_thread_blocked, id=15572, stack(0x000000f99d200000,0x000000f99d300000) (1024K)]
  0x0000029eb54926d0 JavaThread "Unconstrained build operations Thread 3"        [_thread_blocked, id=16140, stack(0x000000f99d400000,0x000000f99d500000) (1024K)]
  0x0000029eb54919b0 JavaThread "Unconstrained build operations Thread 4"        [_thread_blocked, id=15668, stack(0x000000f99d500000,0x000000f99d600000) (1024K)]
  0x0000029eb5492d60 JavaThread "Unconstrained build operations Thread 5"        [_thread_blocked, id=172, stack(0x000000f99d600000,0x000000f99d700000) (1024K)]
  0x0000029eb5492040 JavaThread "Unconstrained build operations Thread 6"        [_thread_blocked, id=22104, stack(0x000000f99d700000,0x000000f99d800000) (1024K)]
  0x0000029eb5490c90 JavaThread "Unconstrained build operations Thread 7"        [_thread_blocked, id=21972, stack(0x000000f99d800000,0x000000f99d900000) (1024K)]
Total: 48

Other Threads:
  0x0000029e9b0d9d20 VMThread "VM Thread"                           [id=17904, stack(0x000000f99a100000,0x000000f99a200000) (1024K)]
  0x0000029e9b0c7560 WatcherThread "VM Periodic Task Thread"        [id=16616, stack(0x000000f99a000000,0x000000f99a100000) (1024K)]
  0x0000029effd28a00 WorkerThread "GC Thread#0"                     [id=5292, stack(0x000000f999b00000,0x000000f999c00000) (1024K)]
  0x0000029e9ba5b000 WorkerThread "GC Thread#1"                     [id=6088, stack(0x000000f99ae00000,0x000000f99af00000) (1024K)]
  0x0000029e9b87e090 WorkerThread "GC Thread#2"                     [id=21340, stack(0x000000f99af00000,0x000000f99b000000) (1024K)]
  0x0000029e9b87e430 WorkerThread "GC Thread#3"                     [id=21148, stack(0x000000f99b000000,0x000000f99b100000) (1024K)]
  0x0000029e9b87ebd0 WorkerThread "GC Thread#4"                     [id=7272, stack(0x000000f99b100000,0x000000f99b200000) (1024K)]
  0x0000029e9b62b960 WorkerThread "GC Thread#5"                     [id=21080, stack(0x000000f99b200000,0x000000f99b300000) (1024K)]
  0x0000029eb5c233d0 WorkerThread "GC Thread#6"                     [id=22204, stack(0x000000f99b300000,0x000000f99b400000) (1024K)]
  0x0000029eb672a500 WorkerThread "GC Thread#7"                     [id=23444, stack(0x000000f99b400000,0x000000f99b500000) (1024K)]
  0x0000029effd2d7f0 ConcurrentGCThread "G1 Main Marker"            [id=17312, stack(0x000000f999c00000,0x000000f999d00000) (1024K)]
  0x0000029effd2ef80 WorkerThread "G1 Conc#0"                       [id=13536, stack(0x000000f999d00000,0x000000f999e00000) (1024K)]
  0x0000029eb65ae550 WorkerThread "G1 Conc#1"                       [id=20476, stack(0x000000f99c200000,0x000000f99c300000) (1024K)]
  0x0000029effdbe630 ConcurrentGCThread "G1 Refine#0"               [id=4968, stack(0x000000f999e00000,0x000000f999f00000) (1024K)]
  0x0000029e9af9a240 ConcurrentGCThread "G1 Service"                [id=15928, stack(0x000000f999f00000,0x000000f99a000000) (1024K)]
Total: 15

Threads with active compile tasks:
C2 CompilerThread0    85279 7319   !   4       java.util.concurrent.ConcurrentHashMap::putVal (432 bytes)
Total: 1

VM state: not at safepoint (normal execution)

VM Mutex/Monitor currently owned by a thread: None

Heap address: 0x00000000e0000000, size: 512 MB, Compressed Oops mode: 32-bit

CDS archive(s) mapped at: [0x0000029e9c000000-0x0000029e9cc90000-0x0000029e9cc90000), size 13172736, SharedBaseAddress: 0x0000029e9c000000, ArchiveRelocationMode: 1.
Compressed class space mapped at: 0x0000029e9d000000-0x0000029eb1000000, reserved size: 335544320
Narrow klass base: 0x0000029e9c000000, Narrow klass shift: 0, Narrow klass range: 0x100000000

GC Precious Log:
 CardTable entry size: 512
 Card Set container configuration: InlinePtr #cards 5 size 8 Array Of Cards #cards 12 size 40 Howl #buckets 4 coarsen threshold 1843 Howl Bitmap #cards 512 size 80 coarsen threshold 460 Card regions per heap region 1 cards per card region 2048
 CPUs: 8 total, 8 available
 Memory: 7566M
 Large Page Support: Disabled
 NUMA Support: Disabled
 Compressed Oops: Enabled (32-bit)
 Heap Region Size: 1M
 Heap Min Capacity: 256M
 Heap Initial Capacity: 256M
 Heap Max Capacity: 512M
 Pre-touch: Disabled
 Parallel Workers: 8
 Concurrent Workers: 2
 Concurrent Refinement Workers: 8
 Periodic GC: Disabled

Heap:
 garbage-first heap   total 262144K, used 54618K [0x00000000e0000000, 0x0000000100000000)
  region size 1024K, 15 young (15360K), 8 survivors (8192K)
 Metaspace       used 60029K, committed 61952K, reserved 393216K
  class space    used 8338K, committed 9280K, reserved 327680K

Heap Regions: E=young(eden), S=young(survivor), O=old, HS=humongous(starts), HC=humongous(continues), CS=collection set, F=free, TAMS=top-at-mark-start, PB=parsable bottom
|   0|0x00000000e0000000, 0x00000000e0100000, 0x00000000e0100000|100%|HS|  |TAMS 0x00000000e0000000| PB 0x00000000e0000000| Complete 
|   1|0x00000000e0100000, 0x00000000e0200000, 0x00000000e0200000|100%|HC|  |TAMS 0x00000000e0100000| PB 0x00000000e0100000| Complete 
|   2|0x00000000e0200000, 0x00000000e0300000, 0x00000000e0300000|100%|HC|  |TAMS 0x00000000e0200000| PB 0x00000000e0200000| Complete 
|   3|0x00000000e0300000, 0x00000000e0400000, 0x00000000e0400000|100%| O|  |TAMS 0x00000000e0300000| PB 0x00000000e0300000| Untracked 
|   4|0x00000000e0400000, 0x00000000e0500000, 0x00000000e0500000|100%| O|  |TAMS 0x00000000e0400000| PB 0x00000000e0400000| Untracked 
|   5|0x00000000e0500000, 0x00000000e0600000, 0x00000000e0600000|100%| O|  |TAMS 0x00000000e0500000| PB 0x00000000e0500000| Untracked 
|   6|0x00000000e0600000, 0x00000000e0700000, 0x00000000e0700000|100%|HS|  |TAMS 0x00000000e0600000| PB 0x00000000e0600000| Complete 
|   7|0x00000000e0700000, 0x00000000e0800000, 0x00000000e0800000|100%| O|  |TAMS 0x00000000e0700000| PB 0x00000000e0700000| Untracked 
|   8|0x00000000e0800000, 0x00000000e0900000, 0x00000000e0900000|100%| O|  |TAMS 0x00000000e0800000| PB 0x00000000e0800000| Untracked 
|   9|0x00000000e0900000, 0x00000000e0a00000, 0x00000000e0a00000|100%| O|  |TAMS 0x00000000e0900000| PB 0x00000000e0900000| Untracked 
|  10|0x00000000e0a00000, 0x00000000e0b00000, 0x00000000e0b00000|100%| O|  |TAMS 0x00000000e0a00000| PB 0x00000000e0a00000| Untracked 
|  11|0x00000000e0b00000, 0x00000000e0c00000, 0x00000000e0c00000|100%| O|  |TAMS 0x00000000e0b00000| PB 0x00000000e0b00000| Untracked 
|  12|0x00000000e0c00000, 0x00000000e0d00000, 0x00000000e0d00000|100%| O|  |TAMS 0x00000000e0c00000| PB 0x00000000e0c00000| Untracked 
|  13|0x00000000e0d00000, 0x00000000e0e00000, 0x00000000e0e00000|100%| O|  |TAMS 0x00000000e0d00000| PB 0x00000000e0d00000| Untracked 
|  14|0x00000000e0e00000, 0x00000000e0f00000, 0x00000000e0f00000|100%| O|  |TAMS 0x00000000e0e00000| PB 0x00000000e0e00000| Untracked 
|  15|0x00000000e0f00000, 0x00000000e1000000, 0x00000000e1000000|100%| O|  |TAMS 0x00000000e0f00000| PB 0x00000000e0f00000| Untracked 
|  16|0x00000000e1000000, 0x00000000e1100000, 0x00000000e1100000|100%| O|  |TAMS 0x00000000e1000000| PB 0x00000000e1000000| Untracked 
|  17|0x00000000e1100000, 0x00000000e1200000, 0x00000000e1200000|100%| O|  |TAMS 0x00000000e1100000| PB 0x00000000e1100000| Untracked 
|  18|0x00000000e1200000, 0x00000000e1300000, 0x00000000e1300000|100%| O|  |TAMS 0x00000000e1200000| PB 0x00000000e1200000| Untracked 
|  19|0x00000000e1300000, 0x00000000e1400000, 0x00000000e1400000|100%| O|  |TAMS 0x00000000e1300000| PB 0x00000000e1300000| Untracked 
|  20|0x00000000e1400000, 0x00000000e1500000, 0x00000000e1500000|100%| O|  |TAMS 0x00000000e1400000| PB 0x00000000e1400000| Untracked 
|  21|0x00000000e1500000, 0x00000000e1600000, 0x00000000e1600000|100%| O|  |TAMS 0x00000000e1500000| PB 0x00000000e1500000| Untracked 
|  22|0x00000000e1600000, 0x00000000e1700000, 0x00000000e1700000|100%| O|  |TAMS 0x00000000e1600000| PB 0x00000000e1600000| Untracked 
|  23|0x00000000e1700000, 0x00000000e1800000, 0x00000000e1800000|100%| O|  |TAMS 0x00000000e1700000| PB 0x00000000e1700000| Untracked 
|  24|0x00000000e1800000, 0x00000000e1900000, 0x00000000e1900000|100%| O|  |TAMS 0x00000000e1800000| PB 0x00000000e1800000| Untracked 
|  25|0x00000000e1900000, 0x00000000e1a00000, 0x00000000e1a00000|100%| O|  |TAMS 0x00000000e1900000| PB 0x00000000e1900000| Untracked 
|  26|0x00000000e1a00000, 0x00000000e1b00000, 0x00000000e1b00000|100%| O|  |TAMS 0x00000000e1a00000| PB 0x00000000e1a00000| Untracked 
|  27|0x00000000e1b00000, 0x00000000e1c00000, 0x00000000e1c00000|100%| O|  |TAMS 0x00000000e1b00000| PB 0x00000000e1b00000| Untracked 
|  28|0x00000000e1c00000, 0x00000000e1d00000, 0x00000000e1d00000|100%| O|  |TAMS 0x00000000e1c00000| PB 0x00000000e1c00000| Untracked 
|  29|0x00000000e1d00000, 0x00000000e1e00000, 0x00000000e1e00000|100%| O|  |TAMS 0x00000000e1d00000| PB 0x00000000e1d00000| Untracked 
|  30|0x00000000e1e00000, 0x00000000e1f00000, 0x00000000e1f00000|100%| O|Cm|TAMS 0x00000000e1e00000| PB 0x00000000e1e00000| Complete 
|  31|0x00000000e1f00000, 0x00000000e2000000, 0x00000000e2000000|100%| O|  |TAMS 0x00000000e1f00000| PB 0x00000000e1f00000| Untracked 
|  32|0x00000000e2000000, 0x00000000e2100000, 0x00000000e2100000|100%| O|  |TAMS 0x00000000e2000000| PB 0x00000000e2000000| Untracked 
|  33|0x00000000e2100000, 0x00000000e2200000, 0x00000000e2200000|100%| O|  |TAMS 0x00000000e2100000| PB 0x00000000e2100000| Untracked 
|  34|0x00000000e2200000, 0x00000000e2300000, 0x00000000e2300000|100%| O|  |TAMS 0x00000000e2200000| PB 0x00000000e2200000| Untracked 
|  35|0x00000000e2300000, 0x00000000e2400000, 0x00000000e2400000|100%| O|  |TAMS 0x00000000e2300000| PB 0x00000000e2300000| Untracked 
|  36|0x00000000e2400000, 0x00000000e2500000, 0x00000000e2500000|100%| O|  |TAMS 0x00000000e2400000| PB 0x00000000e2400000| Untracked 
|  37|0x00000000e2500000, 0x00000000e2600000, 0x00000000e2600000|100%| O|  |TAMS 0x00000000e2500000| PB 0x00000000e2500000| Untracked 
|  38|0x00000000e2600000, 0x00000000e2700000, 0x00000000e2700000|100%| O|  |TAMS 0x00000000e2600000| PB 0x00000000e2600000| Untracked 
|  39|0x00000000e2700000, 0x00000000e27f9248, 0x00000000e2800000| 97%| O|  |TAMS 0x00000000e2700000| PB 0x00000000e2700000| Untracked 
|  40|0x00000000e2800000, 0x00000000e2800000, 0x00000000e2900000|  0%| F|  |TAMS 0x00000000e2800000| PB 0x00000000e2800000| Untracked 
|  41|0x00000000e2900000, 0x00000000e2900000, 0x00000000e2a00000|  0%| F|  |TAMS 0x00000000e2900000| PB 0x00000000e2900000| Untracked 
|  42|0x00000000e2a00000, 0x00000000e2a00000, 0x00000000e2b00000|  0%| F|  |TAMS 0x00000000e2a00000| PB 0x00000000e2a00000| Untracked 
|  43|0x00000000e2b00000, 0x00000000e2b00000, 0x00000000e2c00000|  0%| F|  |TAMS 0x00000000e2b00000| PB 0x00000000e2b00000| Untracked 
|  44|0x00000000e2c00000, 0x00000000e2c00000, 0x00000000e2d00000|  0%| F|  |TAMS 0x00000000e2c00000| PB 0x00000000e2c00000| Untracked 
|  45|0x00000000e2d00000, 0x00000000e2d00000, 0x00000000e2e00000|  0%| F|  |TAMS 0x00000000e2d00000| PB 0x00000000e2d00000| Untracked 
|  46|0x00000000e2e00000, 0x00000000e2e00000, 0x00000000e2f00000|  0%| F|  |TAMS 0x00000000e2e00000| PB 0x00000000e2e00000| Untracked 
|  47|0x00000000e2f00000, 0x00000000e2f00000, 0x00000000e3000000|  0%| F|  |TAMS 0x00000000e2f00000| PB 0x00000000e2f00000| Untracked 
|  48|0x00000000e3000000, 0x00000000e3000000, 0x00000000e3100000|  0%| F|  |TAMS 0x00000000e3000000| PB 0x00000000e3000000| Untracked 
|  49|0x00000000e3100000, 0x00000000e3100000, 0x00000000e3200000|  0%| F|  |TAMS 0x00000000e3100000| PB 0x00000000e3100000| Untracked 
|  50|0x00000000e3200000, 0x00000000e3200000, 0x00000000e3300000|  0%| F|  |TAMS 0x00000000e3200000| PB 0x00000000e3200000| Untracked 
|  51|0x00000000e3300000, 0x00000000e3300000, 0x00000000e3400000|  0%| F|  |TAMS 0x00000000e3300000| PB 0x00000000e3300000| Untracked 
|  52|0x00000000e3400000, 0x00000000e3400000, 0x00000000e3500000|  0%| F|  |TAMS 0x00000000e3400000| PB 0x00000000e3400000| Untracked 
|  53|0x00000000e3500000, 0x00000000e3500000, 0x00000000e3600000|  0%| F|  |TAMS 0x00000000e3500000| PB 0x00000000e3500000| Untracked 
|  54|0x00000000e3600000, 0x00000000e3600000, 0x00000000e3700000|  0%| F|  |TAMS 0x00000000e3600000| PB 0x00000000e3600000| Untracked 
|  55|0x00000000e3700000, 0x00000000e3700000, 0x00000000e3800000|  0%| F|  |TAMS 0x00000000e3700000| PB 0x00000000e3700000| Untracked 
|  56|0x00000000e3800000, 0x00000000e3800000, 0x00000000e3900000|  0%| F|  |TAMS 0x00000000e3800000| PB 0x00000000e3800000| Untracked 
|  57|0x00000000e3900000, 0x00000000e3900000, 0x00000000e3a00000|  0%| F|  |TAMS 0x00000000e3900000| PB 0x00000000e3900000| Untracked 
|  58|0x00000000e3a00000, 0x00000000e3a00000, 0x00000000e3b00000|  0%| F|  |TAMS 0x00000000e3a00000| PB 0x00000000e3a00000| Untracked 
|  59|0x00000000e3b00000, 0x00000000e3b00000, 0x00000000e3c00000|  0%| F|  |TAMS 0x00000000e3b00000| PB 0x00000000e3b00000| Untracked 
|  60|0x00000000e3c00000, 0x00000000e3c00000, 0x00000000e3d00000|  0%| F|  |TAMS 0x00000000e3c00000| PB 0x00000000e3c00000| Untracked 
|  61|0x00000000e3d00000, 0x00000000e3d00000, 0x00000000e3e00000|  0%| F|  |TAMS 0x00000000e3d00000| PB 0x00000000e3d00000| Untracked 
|  62|0x00000000e3e00000, 0x00000000e3e00000, 0x00000000e3f00000|  0%| F|  |TAMS 0x00000000e3e00000| PB 0x00000000e3e00000| Untracked 
|  63|0x00000000e3f00000, 0x00000000e3f00000, 0x00000000e4000000|  0%| F|  |TAMS 0x00000000e3f00000| PB 0x00000000e3f00000| Untracked 
|  64|0x00000000e4000000, 0x00000000e4000000, 0x00000000e4100000|  0%| F|  |TAMS 0x00000000e4000000| PB 0x00000000e4000000| Untracked 
|  65|0x00000000e4100000, 0x00000000e4100000, 0x00000000e4200000|  0%| F|  |TAMS 0x00000000e4100000| PB 0x00000000e4100000| Untracked 
|  66|0x00000000e4200000, 0x00000000e4200000, 0x00000000e4300000|  0%| F|  |TAMS 0x00000000e4200000| PB 0x00000000e4200000| Untracked 
|  67|0x00000000e4300000, 0x00000000e4300000, 0x00000000e4400000|  0%| F|  |TAMS 0x00000000e4300000| PB 0x00000000e4300000| Untracked 
|  68|0x00000000e4400000, 0x00000000e4400000, 0x00000000e4500000|  0%| F|  |TAMS 0x00000000e4400000| PB 0x00000000e4400000| Untracked 
|  69|0x00000000e4500000, 0x00000000e4500000, 0x00000000e4600000|  0%| F|  |TAMS 0x00000000e4500000| PB 0x00000000e4500000| Untracked 
|  70|0x00000000e4600000, 0x00000000e4600000, 0x00000000e4700000|  0%| F|  |TAMS 0x00000000e4600000| PB 0x00000000e4600000| Untracked 
|  71|0x00000000e4700000, 0x00000000e4700000, 0x00000000e4800000|  0%| F|  |TAMS 0x00000000e4700000| PB 0x00000000e4700000| Untracked 
|  72|0x00000000e4800000, 0x00000000e4800000, 0x00000000e4900000|  0%| F|  |TAMS 0x00000000e4800000| PB 0x00000000e4800000| Untracked 
|  73|0x00000000e4900000, 0x00000000e4900000, 0x00000000e4a00000|  0%| F|  |TAMS 0x00000000e4900000| PB 0x00000000e4900000| Untracked 
|  74|0x00000000e4a00000, 0x00000000e4a00000, 0x00000000e4b00000|  0%| F|  |TAMS 0x00000000e4a00000| PB 0x00000000e4a00000| Untracked 
|  75|0x00000000e4b00000, 0x00000000e4b00000, 0x00000000e4c00000|  0%| F|  |TAMS 0x00000000e4b00000| PB 0x00000000e4b00000| Untracked 
|  76|0x00000000e4c00000, 0x00000000e4c00000, 0x00000000e4d00000|  0%| F|  |TAMS 0x00000000e4c00000| PB 0x00000000e4c00000| Untracked 
|  77|0x00000000e4d00000, 0x00000000e4d00000, 0x00000000e4e00000|  0%| F|  |TAMS 0x00000000e4d00000| PB 0x00000000e4d00000| Untracked 
|  78|0x00000000e4e00000, 0x00000000e4e00000, 0x00000000e4f00000|  0%| F|  |TAMS 0x00000000e4e00000| PB 0x00000000e4e00000| Untracked 
|  79|0x00000000e4f00000, 0x00000000e4f00000, 0x00000000e5000000|  0%| F|  |TAMS 0x00000000e4f00000| PB 0x00000000e4f00000| Untracked 
|  80|0x00000000e5000000, 0x00000000e5000000, 0x00000000e5100000|  0%| F|  |TAMS 0x00000000e5000000| PB 0x00000000e5000000| Untracked 
|  81|0x00000000e5100000, 0x00000000e5100000, 0x00000000e5200000|  0%| F|  |TAMS 0x00000000e5100000| PB 0x00000000e5100000| Untracked 
|  82|0x00000000e5200000, 0x00000000e5200000, 0x00000000e5300000|  0%| F|  |TAMS 0x00000000e5200000| PB 0x00000000e5200000| Untracked 
|  83|0x00000000e5300000, 0x00000000e5300000, 0x00000000e5400000|  0%| F|  |TAMS 0x00000000e5300000| PB 0x00000000e5300000| Untracked 
|  84|0x00000000e5400000, 0x00000000e5400000, 0x00000000e5500000|  0%| F|  |TAMS 0x00000000e5400000| PB 0x00000000e5400000| Untracked 
|  85|0x00000000e5500000, 0x00000000e5500000, 0x00000000e5600000|  0%| F|  |TAMS 0x00000000e5500000| PB 0x00000000e5500000| Untracked 
|  86|0x00000000e5600000, 0x00000000e5600000, 0x00000000e5700000|  0%| F|  |TAMS 0x00000000e5600000| PB 0x00000000e5600000| Untracked 
|  87|0x00000000e5700000, 0x00000000e5700000, 0x00000000e5800000|  0%| F|  |TAMS 0x00000000e5700000| PB 0x00000000e5700000| Untracked 
|  88|0x00000000e5800000, 0x00000000e5800000, 0x00000000e5900000|  0%| F|  |TAMS 0x00000000e5800000| PB 0x00000000e5800000| Untracked 
|  89|0x00000000e5900000, 0x00000000e5900000, 0x00000000e5a00000|  0%| F|  |TAMS 0x00000000e5900000| PB 0x00000000e5900000| Untracked 
|  90|0x00000000e5a00000, 0x00000000e5a00000, 0x00000000e5b00000|  0%| F|  |TAMS 0x00000000e5a00000| PB 0x00000000e5a00000| Untracked 
|  91|0x00000000e5b00000, 0x00000000e5b00000, 0x00000000e5c00000|  0%| F|  |TAMS 0x00000000e5b00000| PB 0x00000000e5b00000| Untracked 
|  92|0x00000000e5c00000, 0x00000000e5c00000, 0x00000000e5d00000|  0%| F|  |TAMS 0x00000000e5c00000| PB 0x00000000e5c00000| Untracked 
|  93|0x00000000e5d00000, 0x00000000e5d00000, 0x00000000e5e00000|  0%| F|  |TAMS 0x00000000e5d00000| PB 0x00000000e5d00000| Untracked 
|  94|0x00000000e5e00000, 0x00000000e5e00000, 0x00000000e5f00000|  0%| F|  |TAMS 0x00000000e5e00000| PB 0x00000000e5e00000| Untracked 
|  95|0x00000000e5f00000, 0x00000000e5f00000, 0x00000000e6000000|  0%| F|  |TAMS 0x00000000e5f00000| PB 0x00000000e5f00000| Untracked 
|  96|0x00000000e6000000, 0x00000000e6000000, 0x00000000e6100000|  0%| F|  |TAMS 0x00000000e6000000| PB 0x00000000e6000000| Untracked 
|  97|0x00000000e6100000, 0x00000000e6100000, 0x00000000e6200000|  0%| F|  |TAMS 0x00000000e6100000| PB 0x00000000e6100000| Untracked 
|  98|0x00000000e6200000, 0x00000000e6200000, 0x00000000e6300000|  0%| F|  |TAMS 0x00000000e6200000| PB 0x00000000e6200000| Untracked 
|  99|0x00000000e6300000, 0x00000000e6300000, 0x00000000e6400000|  0%| F|  |TAMS 0x00000000e6300000| PB 0x00000000e6300000| Untracked 
| 100|0x00000000e6400000, 0x00000000e6400000, 0x00000000e6500000|  0%| F|  |TAMS 0x00000000e6400000| PB 0x00000000e6400000| Untracked 
| 101|0x00000000e6500000, 0x00000000e6500000, 0x00000000e6600000|  0%| F|  |TAMS 0x00000000e6500000| PB 0x00000000e6500000| Untracked 
| 102|0x00000000e6600000, 0x00000000e6600000, 0x00000000e6700000|  0%| F|  |TAMS 0x00000000e6600000| PB 0x00000000e6600000| Untracked 
| 103|0x00000000e6700000, 0x00000000e6700000, 0x00000000e6800000|  0%| F|  |TAMS 0x00000000e6700000| PB 0x00000000e6700000| Untracked 
| 104|0x00000000e6800000, 0x00000000e6800000, 0x00000000e6900000|  0%| F|  |TAMS 0x00000000e6800000| PB 0x00000000e6800000| Untracked 
| 105|0x00000000e6900000, 0x00000000e6900000, 0x00000000e6a00000|  0%| F|  |TAMS 0x00000000e6900000| PB 0x00000000e6900000| Untracked 
| 106|0x00000000e6a00000, 0x00000000e6a00000, 0x00000000e6b00000|  0%| F|  |TAMS 0x00000000e6a00000| PB 0x00000000e6a00000| Untracked 
| 107|0x00000000e6b00000, 0x00000000e6b00000, 0x00000000e6c00000|  0%| F|  |TAMS 0x00000000e6b00000| PB 0x00000000e6b00000| Untracked 
| 108|0x00000000e6c00000, 0x00000000e6c00000, 0x00000000e6d00000|  0%| F|  |TAMS 0x00000000e6c00000| PB 0x00000000e6c00000| Untracked 
| 109|0x00000000e6d00000, 0x00000000e6d00000, 0x00000000e6e00000|  0%| F|  |TAMS 0x00000000e6d00000| PB 0x00000000e6d00000| Untracked 
| 110|0x00000000e6e00000, 0x00000000e6e00000, 0x00000000e6f00000|  0%| F|  |TAMS 0x00000000e6e00000| PB 0x00000000e6e00000| Untracked 
| 111|0x00000000e6f00000, 0x00000000e6f00000, 0x00000000e7000000|  0%| F|  |TAMS 0x00000000e6f00000| PB 0x00000000e6f00000| Untracked 
| 112|0x00000000e7000000, 0x00000000e7000000, 0x00000000e7100000|  0%| F|  |TAMS 0x00000000e7000000| PB 0x00000000e7000000| Untracked 
| 113|0x00000000e7100000, 0x00000000e7100000, 0x00000000e7200000|  0%| F|  |TAMS 0x00000000e7100000| PB 0x00000000e7100000| Untracked 
| 114|0x00000000e7200000, 0x00000000e7200000, 0x00000000e7300000|  0%| F|  |TAMS 0x00000000e7200000| PB 0x00000000e7200000| Untracked 
| 115|0x00000000e7300000, 0x00000000e7300000, 0x00000000e7400000|  0%| F|  |TAMS 0x00000000e7300000| PB 0x00000000e7300000| Untracked 
| 116|0x00000000e7400000, 0x00000000e7400000, 0x00000000e7500000|  0%| F|  |TAMS 0x00000000e7400000| PB 0x00000000e7400000| Untracked 
| 117|0x00000000e7500000, 0x00000000e7500000, 0x00000000e7600000|  0%| F|  |TAMS 0x00000000e7500000| PB 0x00000000e7500000| Untracked 
| 118|0x00000000e7600000, 0x00000000e7600000, 0x00000000e7700000|  0%| F|  |TAMS 0x00000000e7600000| PB 0x00000000e7600000| Untracked 
| 119|0x00000000e7700000, 0x00000000e7700000, 0x00000000e7800000|  0%| F|  |TAMS 0x00000000e7700000| PB 0x00000000e7700000| Untracked 
| 120|0x00000000e7800000, 0x00000000e7800000, 0x00000000e7900000|  0%| F|  |TAMS 0x00000000e7800000| PB 0x00000000e7800000| Untracked 
| 121|0x00000000e7900000, 0x00000000e7900000, 0x00000000e7a00000|  0%| F|  |TAMS 0x00000000e7900000| PB 0x00000000e7900000| Untracked 
| 122|0x00000000e7a00000, 0x00000000e7a00000, 0x00000000e7b00000|  0%| F|  |TAMS 0x00000000e7a00000| PB 0x00000000e7a00000| Untracked 
| 123|0x00000000e7b00000, 0x00000000e7b00000, 0x00000000e7c00000|  0%| F|  |TAMS 0x00000000e7b00000| PB 0x00000000e7b00000| Untracked 
| 124|0x00000000e7c00000, 0x00000000e7c00000, 0x00000000e7d00000|  0%| F|  |TAMS 0x00000000e7c00000| PB 0x00000000e7c00000| Untracked 
| 125|0x00000000e7d00000, 0x00000000e7d00000, 0x00000000e7e00000|  0%| F|  |TAMS 0x00000000e7d00000| PB 0x00000000e7d00000| Untracked 
| 126|0x00000000e7e00000, 0x00000000e7e00000, 0x00000000e7f00000|  0%| F|  |TAMS 0x00000000e7e00000| PB 0x00000000e7e00000| Untracked 
| 127|0x00000000e7f00000, 0x00000000e7f00000, 0x00000000e8000000|  0%| F|  |TAMS 0x00000000e7f00000| PB 0x00000000e7f00000| Untracked 
| 128|0x00000000e8000000, 0x00000000e8000000, 0x00000000e8100000|  0%| F|  |TAMS 0x00000000e8000000| PB 0x00000000e8000000| Untracked 
| 129|0x00000000e8100000, 0x00000000e8100000, 0x00000000e8200000|  0%| F|  |TAMS 0x00000000e8100000| PB 0x00000000e8100000| Untracked 
| 130|0x00000000e8200000, 0x00000000e8200000, 0x00000000e8300000|  0%| F|  |TAMS 0x00000000e8200000| PB 0x00000000e8200000| Untracked 
| 131|0x00000000e8300000, 0x00000000e8300000, 0x00000000e8400000|  0%| F|  |TAMS 0x00000000e8300000| PB 0x00000000e8300000| Untracked 
| 132|0x00000000e8400000, 0x00000000e8400000, 0x00000000e8500000|  0%| F|  |TAMS 0x00000000e8400000| PB 0x00000000e8400000| Untracked 
| 133|0x00000000e8500000, 0x00000000e8500000, 0x00000000e8600000|  0%| F|  |TAMS 0x00000000e8500000| PB 0x00000000e8500000| Untracked 
| 134|0x00000000e8600000, 0x00000000e8600000, 0x00000000e8700000|  0%| F|  |TAMS 0x00000000e8600000| PB 0x00000000e8600000| Untracked 
| 135|0x00000000e8700000, 0x00000000e8700000, 0x00000000e8800000|  0%| F|  |TAMS 0x00000000e8700000| PB 0x00000000e8700000| Untracked 
| 136|0x00000000e8800000, 0x00000000e8800000, 0x00000000e8900000|  0%| F|  |TAMS 0x00000000e8800000| PB 0x00000000e8800000| Untracked 
| 137|0x00000000e8900000, 0x00000000e8900000, 0x00000000e8a00000|  0%| F|  |TAMS 0x00000000e8900000| PB 0x00000000e8900000| Untracked 
| 138|0x00000000e8a00000, 0x00000000e8a00000, 0x00000000e8b00000|  0%| F|  |TAMS 0x00000000e8a00000| PB 0x00000000e8a00000| Untracked 
| 139|0x00000000e8b00000, 0x00000000e8b00000, 0x00000000e8c00000|  0%| F|  |TAMS 0x00000000e8b00000| PB 0x00000000e8b00000| Untracked 
| 140|0x00000000e8c00000, 0x00000000e8c00000, 0x00000000e8d00000|  0%| F|  |TAMS 0x00000000e8c00000| PB 0x00000000e8c00000| Untracked 
| 141|0x00000000e8d00000, 0x00000000e8d00000, 0x00000000e8e00000|  0%| F|  |TAMS 0x00000000e8d00000| PB 0x00000000e8d00000| Untracked 
| 142|0x00000000e8e00000, 0x00000000e8e00000, 0x00000000e8f00000|  0%| F|  |TAMS 0x00000000e8e00000| PB 0x00000000e8e00000| Untracked 
| 143|0x00000000e8f00000, 0x00000000e8f00000, 0x00000000e9000000|  0%| F|  |TAMS 0x00000000e8f00000| PB 0x00000000e8f00000| Untracked 
| 144|0x00000000e9000000, 0x00000000e9000000, 0x00000000e9100000|  0%| F|  |TAMS 0x00000000e9000000| PB 0x00000000e9000000| Untracked 
| 145|0x00000000e9100000, 0x00000000e9100000, 0x00000000e9200000|  0%| F|  |TAMS 0x00000000e9100000| PB 0x00000000e9100000| Untracked 
| 146|0x00000000e9200000, 0x00000000e9200000, 0x00000000e9300000|  0%| F|  |TAMS 0x00000000e9200000| PB 0x00000000e9200000| Untracked 
| 147|0x00000000e9300000, 0x00000000e9300000, 0x00000000e9400000|  0%| F|  |TAMS 0x00000000e9300000| PB 0x00000000e9300000| Untracked 
| 148|0x00000000e9400000, 0x00000000e9400000, 0x00000000e9500000|  0%| F|  |TAMS 0x00000000e9400000| PB 0x00000000e9400000| Untracked 
| 149|0x00000000e9500000, 0x00000000e9500000, 0x00000000e9600000|  0%| F|  |TAMS 0x00000000e9500000| PB 0x00000000e9500000| Untracked 
| 150|0x00000000e9600000, 0x00000000e9600000, 0x00000000e9700000|  0%| F|  |TAMS 0x00000000e9600000| PB 0x00000000e9600000| Untracked 
| 151|0x00000000e9700000, 0x00000000e9700000, 0x00000000e9800000|  0%| F|  |TAMS 0x00000000e9700000| PB 0x00000000e9700000| Untracked 
| 152|0x00000000e9800000, 0x00000000e9800000, 0x00000000e9900000|  0%| F|  |TAMS 0x00000000e9800000| PB 0x00000000e9800000| Untracked 
| 153|0x00000000e9900000, 0x00000000e9900000, 0x00000000e9a00000|  0%| F|  |TAMS 0x00000000e9900000| PB 0x00000000e9900000| Untracked 
| 154|0x00000000e9a00000, 0x00000000e9a00000, 0x00000000e9b00000|  0%| F|  |TAMS 0x00000000e9a00000| PB 0x00000000e9a00000| Untracked 
| 155|0x00000000e9b00000, 0x00000000e9b00000, 0x00000000e9c00000|  0%| F|  |TAMS 0x00000000e9b00000| PB 0x00000000e9b00000| Untracked 
| 156|0x00000000e9c00000, 0x00000000e9c00000, 0x00000000e9d00000|  0%| F|  |TAMS 0x00000000e9c00000| PB 0x00000000e9c00000| Untracked 
| 157|0x00000000e9d00000, 0x00000000e9d00000, 0x00000000e9e00000|  0%| F|  |TAMS 0x00000000e9d00000| PB 0x00000000e9d00000| Untracked 
| 158|0x00000000e9e00000, 0x00000000e9e00000, 0x00000000e9f00000|  0%| F|  |TAMS 0x00000000e9e00000| PB 0x00000000e9e00000| Untracked 
| 159|0x00000000e9f00000, 0x00000000e9f00000, 0x00000000ea000000|  0%| F|  |TAMS 0x00000000e9f00000| PB 0x00000000e9f00000| Untracked 
| 160|0x00000000ea000000, 0x00000000ea000000, 0x00000000ea100000|  0%| F|  |TAMS 0x00000000ea000000| PB 0x00000000ea000000| Untracked 
| 161|0x00000000ea100000, 0x00000000ea100000, 0x00000000ea200000|  0%| F|  |TAMS 0x00000000ea100000| PB 0x00000000ea100000| Untracked 
| 162|0x00000000ea200000, 0x00000000ea200000, 0x00000000ea300000|  0%| F|  |TAMS 0x00000000ea200000| PB 0x00000000ea200000| Untracked 
| 163|0x00000000ea300000, 0x00000000ea300000, 0x00000000ea400000|  0%| F|  |TAMS 0x00000000ea300000| PB 0x00000000ea300000| Untracked 
| 164|0x00000000ea400000, 0x00000000ea400000, 0x00000000ea500000|  0%| F|  |TAMS 0x00000000ea400000| PB 0x00000000ea400000| Untracked 
| 165|0x00000000ea500000, 0x00000000ea500000, 0x00000000ea600000|  0%| F|  |TAMS 0x00000000ea500000| PB 0x00000000ea500000| Untracked 
| 166|0x00000000ea600000, 0x00000000ea600000, 0x00000000ea700000|  0%| F|  |TAMS 0x00000000ea600000| PB 0x00000000ea600000| Untracked 
| 167|0x00000000ea700000, 0x00000000ea700000, 0x00000000ea800000|  0%| F|  |TAMS 0x00000000ea700000| PB 0x00000000ea700000| Untracked 
| 168|0x00000000ea800000, 0x00000000ea800000, 0x00000000ea900000|  0%| F|  |TAMS 0x00000000ea800000| PB 0x00000000ea800000| Untracked 
| 169|0x00000000ea900000, 0x00000000ea900000, 0x00000000eaa00000|  0%| F|  |TAMS 0x00000000ea900000| PB 0x00000000ea900000| Untracked 
| 170|0x00000000eaa00000, 0x00000000eaa00000, 0x00000000eab00000|  0%| F|  |TAMS 0x00000000eaa00000| PB 0x00000000eaa00000| Untracked 
| 171|0x00000000eab00000, 0x00000000eab00000, 0x00000000eac00000|  0%| F|  |TAMS 0x00000000eab00000| PB 0x00000000eab00000| Untracked 
| 172|0x00000000eac00000, 0x00000000eac00000, 0x00000000ead00000|  0%| F|  |TAMS 0x00000000eac00000| PB 0x00000000eac00000| Untracked 
| 173|0x00000000ead00000, 0x00000000ead00000, 0x00000000eae00000|  0%| F|  |TAMS 0x00000000ead00000| PB 0x00000000ead00000| Untracked 
| 174|0x00000000eae00000, 0x00000000eae00000, 0x00000000eaf00000|  0%| F|  |TAMS 0x00000000eae00000| PB 0x00000000eae00000| Untracked 
| 175|0x00000000eaf00000, 0x00000000eaf00000, 0x00000000eb000000|  0%| F|  |TAMS 0x00000000eaf00000| PB 0x00000000eaf00000| Untracked 
| 176|0x00000000eb000000, 0x00000000eb000000, 0x00000000eb100000|  0%| F|  |TAMS 0x00000000eb000000| PB 0x00000000eb000000| Untracked 
| 177|0x00000000eb100000, 0x00000000eb100000, 0x00000000eb200000|  0%| F|  |TAMS 0x00000000eb100000| PB 0x00000000eb100000| Untracked 
| 178|0x00000000eb200000, 0x00000000eb200000, 0x00000000eb300000|  0%| F|  |TAMS 0x00000000eb200000| PB 0x00000000eb200000| Untracked 
| 179|0x00000000eb300000, 0x00000000eb300000, 0x00000000eb400000|  0%| F|  |TAMS 0x00000000eb300000| PB 0x00000000eb300000| Untracked 
| 180|0x00000000eb400000, 0x00000000eb400000, 0x00000000eb500000|  0%| F|  |TAMS 0x00000000eb400000| PB 0x00000000eb400000| Untracked 
| 181|0x00000000eb500000, 0x00000000eb500000, 0x00000000eb600000|  0%| F|  |TAMS 0x00000000eb500000| PB 0x00000000eb500000| Untracked 
| 182|0x00000000eb600000, 0x00000000eb600000, 0x00000000eb700000|  0%| F|  |TAMS 0x00000000eb600000| PB 0x00000000eb600000| Untracked 
| 183|0x00000000eb700000, 0x00000000eb700000, 0x00000000eb800000|  0%| F|  |TAMS 0x00000000eb700000| PB 0x00000000eb700000| Untracked 
| 184|0x00000000eb800000, 0x00000000eb800000, 0x00000000eb900000|  0%| F|  |TAMS 0x00000000eb800000| PB 0x00000000eb800000| Untracked 
| 185|0x00000000eb900000, 0x00000000eb900000, 0x00000000eba00000|  0%| F|  |TAMS 0x00000000eb900000| PB 0x00000000eb900000| Untracked 
| 186|0x00000000eba00000, 0x00000000eba00000, 0x00000000ebb00000|  0%| F|  |TAMS 0x00000000eba00000| PB 0x00000000eba00000| Untracked 
| 187|0x00000000ebb00000, 0x00000000ebb00000, 0x00000000ebc00000|  0%| F|  |TAMS 0x00000000ebb00000| PB 0x00000000ebb00000| Untracked 
| 188|0x00000000ebc00000, 0x00000000ebc00000, 0x00000000ebd00000|  0%| F|  |TAMS 0x00000000ebc00000| PB 0x00000000ebc00000| Untracked 
| 189|0x00000000ebd00000, 0x00000000ebd00000, 0x00000000ebe00000|  0%| F|  |TAMS 0x00000000ebd00000| PB 0x00000000ebd00000| Untracked 
| 190|0x00000000ebe00000, 0x00000000ebe00000, 0x00000000ebf00000|  0%| F|  |TAMS 0x00000000ebe00000| PB 0x00000000ebe00000| Untracked 
| 191|0x00000000ebf00000, 0x00000000ebf00000, 0x00000000ec000000|  0%| F|  |TAMS 0x00000000ebf00000| PB 0x00000000ebf00000| Untracked 
| 192|0x00000000ec000000, 0x00000000ec000000, 0x00000000ec100000|  0%| F|  |TAMS 0x00000000ec000000| PB 0x00000000ec000000| Untracked 
| 193|0x00000000ec100000, 0x00000000ec100000, 0x00000000ec200000|  0%| F|  |TAMS 0x00000000ec100000| PB 0x00000000ec100000| Untracked 
| 194|0x00000000ec200000, 0x00000000ec200000, 0x00000000ec300000|  0%| F|  |TAMS 0x00000000ec200000| PB 0x00000000ec200000| Untracked 
| 195|0x00000000ec300000, 0x00000000ec300000, 0x00000000ec400000|  0%| F|  |TAMS 0x00000000ec300000| PB 0x00000000ec300000| Untracked 
| 196|0x00000000ec400000, 0x00000000ec400000, 0x00000000ec500000|  0%| F|  |TAMS 0x00000000ec400000| PB 0x00000000ec400000| Untracked 
| 197|0x00000000ec500000, 0x00000000ec500000, 0x00000000ec600000|  0%| F|  |TAMS 0x00000000ec500000| PB 0x00000000ec500000| Untracked 
| 198|0x00000000ec600000, 0x00000000ec600000, 0x00000000ec700000|  0%| F|  |TAMS 0x00000000ec600000| PB 0x00000000ec600000| Untracked 
| 199|0x00000000ec700000, 0x00000000ec700000, 0x00000000ec800000|  0%| F|  |TAMS 0x00000000ec700000| PB 0x00000000ec700000| Untracked 
| 200|0x00000000ec800000, 0x00000000ec800000, 0x00000000ec900000|  0%| F|  |TAMS 0x00000000ec800000| PB 0x00000000ec800000| Untracked 
| 201|0x00000000ec900000, 0x00000000ec900000, 0x00000000eca00000|  0%| F|  |TAMS 0x00000000ec900000| PB 0x00000000ec900000| Untracked 
| 202|0x00000000eca00000, 0x00000000eca00000, 0x00000000ecb00000|  0%| F|  |TAMS 0x00000000eca00000| PB 0x00000000eca00000| Untracked 
| 203|0x00000000ecb00000, 0x00000000ecb00000, 0x00000000ecc00000|  0%| F|  |TAMS 0x00000000ecb00000| PB 0x00000000ecb00000| Untracked 
| 204|0x00000000ecc00000, 0x00000000ecc00000, 0x00000000ecd00000|  0%| F|  |TAMS 0x00000000ecc00000| PB 0x00000000ecc00000| Untracked 
| 205|0x00000000ecd00000, 0x00000000ecd00000, 0x00000000ece00000|  0%| F|  |TAMS 0x00000000ecd00000| PB 0x00000000ecd00000| Untracked 
| 206|0x00000000ece00000, 0x00000000ece00000, 0x00000000ecf00000|  0%| F|  |TAMS 0x00000000ece00000| PB 0x00000000ece00000| Untracked 
| 207|0x00000000ecf00000, 0x00000000ecf00000, 0x00000000ed000000|  0%| F|  |TAMS 0x00000000ecf00000| PB 0x00000000ecf00000| Untracked 
| 208|0x00000000ed000000, 0x00000000ed000000, 0x00000000ed100000|  0%| F|  |TAMS 0x00000000ed000000| PB 0x00000000ed000000| Untracked 
| 209|0x00000000ed100000, 0x00000000ed100000, 0x00000000ed200000|  0%| F|  |TAMS 0x00000000ed100000| PB 0x00000000ed100000| Untracked 
| 210|0x00000000ed200000, 0x00000000ed200000, 0x00000000ed300000|  0%| F|  |TAMS 0x00000000ed200000| PB 0x00000000ed200000| Untracked 
| 211|0x00000000ed300000, 0x00000000ed300000, 0x00000000ed400000|  0%| F|  |TAMS 0x00000000ed300000| PB 0x00000000ed300000| Untracked 
| 212|0x00000000ed400000, 0x00000000ed400000, 0x00000000ed500000|  0%| F|  |TAMS 0x00000000ed400000| PB 0x00000000ed400000| Untracked 
| 213|0x00000000ed500000, 0x00000000ed500000, 0x00000000ed600000|  0%| F|  |TAMS 0x00000000ed500000| PB 0x00000000ed500000| Untracked 
| 214|0x00000000ed600000, 0x00000000ed600000, 0x00000000ed700000|  0%| F|  |TAMS 0x00000000ed600000| PB 0x00000000ed600000| Untracked 
| 215|0x00000000ed700000, 0x00000000ed700000, 0x00000000ed800000|  0%| F|  |TAMS 0x00000000ed700000| PB 0x00000000ed700000| Untracked 
| 216|0x00000000ed800000, 0x00000000ed800000, 0x00000000ed900000|  0%| F|  |TAMS 0x00000000ed800000| PB 0x00000000ed800000| Untracked 
| 217|0x00000000ed900000, 0x00000000ed900000, 0x00000000eda00000|  0%| F|  |TAMS 0x00000000ed900000| PB 0x00000000ed900000| Untracked 
| 218|0x00000000eda00000, 0x00000000eda00000, 0x00000000edb00000|  0%| F|  |TAMS 0x00000000eda00000| PB 0x00000000eda00000| Untracked 
| 219|0x00000000edb00000, 0x00000000edb00000, 0x00000000edc00000|  0%| F|  |TAMS 0x00000000edb00000| PB 0x00000000edb00000| Untracked 
| 220|0x00000000edc00000, 0x00000000edc00000, 0x00000000edd00000|  0%| F|  |TAMS 0x00000000edc00000| PB 0x00000000edc00000| Untracked 
| 221|0x00000000edd00000, 0x00000000edd00000, 0x00000000ede00000|  0%| F|  |TAMS 0x00000000edd00000| PB 0x00000000edd00000| Untracked 
| 222|0x00000000ede00000, 0x00000000ede00000, 0x00000000edf00000|  0%| F|  |TAMS 0x00000000ede00000| PB 0x00000000ede00000| Untracked 
| 223|0x00000000edf00000, 0x00000000edf00000, 0x00000000ee000000|  0%| F|  |TAMS 0x00000000edf00000| PB 0x00000000edf00000| Untracked 
| 224|0x00000000ee000000, 0x00000000ee000000, 0x00000000ee100000|  0%| F|  |TAMS 0x00000000ee000000| PB 0x00000000ee000000| Untracked 
| 225|0x00000000ee100000, 0x00000000ee100000, 0x00000000ee200000|  0%| F|  |TAMS 0x00000000ee100000| PB 0x00000000ee100000| Untracked 
| 226|0x00000000ee200000, 0x00000000ee200000, 0x00000000ee300000|  0%| F|  |TAMS 0x00000000ee200000| PB 0x00000000ee200000| Untracked 
| 227|0x00000000ee300000, 0x00000000ee300000, 0x00000000ee400000|  0%| F|  |TAMS 0x00000000ee300000| PB 0x00000000ee300000| Untracked 
| 228|0x00000000ee400000, 0x00000000ee400000, 0x00000000ee500000|  0%| F|  |TAMS 0x00000000ee400000| PB 0x00000000ee400000| Untracked 
| 229|0x00000000ee500000, 0x00000000ee500000, 0x00000000ee600000|  0%| F|  |TAMS 0x00000000ee500000| PB 0x00000000ee500000| Untracked 
| 230|0x00000000ee600000, 0x00000000ee600000, 0x00000000ee700000|  0%| F|  |TAMS 0x00000000ee600000| PB 0x00000000ee600000| Untracked 
| 231|0x00000000ee700000, 0x00000000ee700000, 0x00000000ee800000|  0%| F|  |TAMS 0x00000000ee700000| PB 0x00000000ee700000| Untracked 
| 232|0x00000000ee800000, 0x00000000ee800000, 0x00000000ee900000|  0%| F|  |TAMS 0x00000000ee800000| PB 0x00000000ee800000| Untracked 
| 233|0x00000000ee900000, 0x00000000ee900000, 0x00000000eea00000|  0%| F|  |TAMS 0x00000000ee900000| PB 0x00000000ee900000| Untracked 
| 234|0x00000000eea00000, 0x00000000eea00000, 0x00000000eeb00000|  0%| F|  |TAMS 0x00000000eea00000| PB 0x00000000eea00000| Untracked 
| 235|0x00000000eeb00000, 0x00000000eeb00000, 0x00000000eec00000|  0%| F|  |TAMS 0x00000000eeb00000| PB 0x00000000eeb00000| Untracked 
| 236|0x00000000eec00000, 0x00000000eec00000, 0x00000000eed00000|  0%| F|  |TAMS 0x00000000eec00000| PB 0x00000000eec00000| Untracked 
| 237|0x00000000eed00000, 0x00000000eed00000, 0x00000000eee00000|  0%| F|  |TAMS 0x00000000eed00000| PB 0x00000000eed00000| Untracked 
| 238|0x00000000eee00000, 0x00000000eee00000, 0x00000000eef00000|  0%| F|  |TAMS 0x00000000eee00000| PB 0x00000000eee00000| Untracked 
| 239|0x00000000eef00000, 0x00000000eef00000, 0x00000000ef000000|  0%| F|  |TAMS 0x00000000eef00000| PB 0x00000000eef00000| Untracked 
| 240|0x00000000ef000000, 0x00000000ef000000, 0x00000000ef100000|  0%| F|  |TAMS 0x00000000ef000000| PB 0x00000000ef000000| Untracked 
| 241|0x00000000ef100000, 0x00000000ef1ed720, 0x00000000ef200000| 92%| E|  |TAMS 0x00000000ef100000| PB 0x00000000ef100000| Complete 
| 242|0x00000000ef200000, 0x00000000ef300000, 0x00000000ef300000|100%| E|CS|TAMS 0x00000000ef200000| PB 0x00000000ef200000| Complete 
| 243|0x00000000ef300000, 0x00000000ef400000, 0x00000000ef400000|100%| E|CS|TAMS 0x00000000ef300000| PB 0x00000000ef300000| Complete 
| 244|0x00000000ef400000, 0x00000000ef45d8d8, 0x00000000ef500000| 36%| S|CS|TAMS 0x00000000ef400000| PB 0x00000000ef400000| Complete 
| 245|0x00000000ef500000, 0x00000000ef600000, 0x00000000ef600000|100%| S|CS|TAMS 0x00000000ef500000| PB 0x00000000ef500000| Complete 
| 246|0x00000000ef600000, 0x00000000ef700000, 0x00000000ef700000|100%| S|CS|TAMS 0x00000000ef600000| PB 0x00000000ef600000| Complete 
| 247|0x00000000ef700000, 0x00000000ef800000, 0x00000000ef800000|100%| S|CS|TAMS 0x00000000ef700000| PB 0x00000000ef700000| Complete 
| 248|0x00000000ef800000, 0x00000000ef900000, 0x00000000ef900000|100%| S|CS|TAMS 0x00000000ef800000| PB 0x00000000ef800000| Complete 
| 249|0x00000000ef900000, 0x00000000efa00000, 0x00000000efa00000|100%| S|CS|TAMS 0x00000000ef900000| PB 0x00000000ef900000| Complete 
| 250|0x00000000efa00000, 0x00000000efb00000, 0x00000000efb00000|100%| S|CS|TAMS 0x00000000efa00000| PB 0x00000000efa00000| Complete 
| 251|0x00000000efb00000, 0x00000000efc00000, 0x00000000efc00000|100%| S|CS|TAMS 0x00000000efb00000| PB 0x00000000efb00000| Complete 
| 252|0x00000000efc00000, 0x00000000efd00000, 0x00000000efd00000|100%| E|CS|TAMS 0x00000000efc00000| PB 0x00000000efc00000| Complete 
| 253|0x00000000efd00000, 0x00000000efe00000, 0x00000000efe00000|100%| E|CS|TAMS 0x00000000efd00000| PB 0x00000000efd00000| Complete 
| 254|0x00000000efe00000, 0x00000000eff00000, 0x00000000eff00000|100%| E|CS|TAMS 0x00000000efe00000| PB 0x00000000efe00000| Complete 
| 255|0x00000000eff00000, 0x00000000f0000000, 0x00000000f0000000|100%| E|CS|TAMS 0x00000000eff00000| PB 0x00000000eff00000| Complete 

Card table byte_map: [0x0000029e97d60000,0x0000029e97e60000] _byte_map_base: 0x0000029e97660000

Marking Bits: (CMBitMap*) 0x0000029effd28f10
 Bits: [0x0000029e97e60000, 0x0000029e98660000)

Polling page: 0x0000029effdc0000

Metaspace:

Usage:
  Non-class:     50.51 MB used.
      Class:      8.15 MB used.
       Both:     58.66 MB used.

Virtual space:
  Non-class space:       64.00 MB reserved,      51.44 MB ( 80%) committed,  1 nodes.
      Class space:      320.00 MB reserved,       9.12 MB (  3%) committed,  1 nodes.
             Both:      384.00 MB reserved,      60.56 MB ( 16%) committed. 

Chunk freelists:
   Non-Class:  11.83 MB
       Class:  6.87 MB
        Both:  18.70 MB

MaxMetaspaceSize: 384.00 MB
CompressedClassSpaceSize: 320.00 MB
Initial GC threshold: 21.00 MB
Current GC threshold: 100.62 MB
CDS: on
 - commit_granule_bytes: 65536.
 - commit_granule_words: 8192.
 - virtual_space_node_default_size: 8388608.
 - enlarge_chunks_in_place: 1.
 - use_allocation_guard: 0.


Internal statistics:

num_allocs_failed_limit: 18.
num_arena_births: 3314.
num_arena_deaths: 0.
num_vsnodes_births: 2.
num_vsnodes_deaths: 0.
num_space_committed: 969.
num_space_uncommitted: 0.
num_chunks_returned_to_freelist: 18.
num_chunks_taken_from_freelist: 6048.
num_chunk_merges: 18.
num_chunk_splits: 3865.
num_chunks_enlarged: 2268.
num_inconsistent_stats: 0.

CodeHeap 'non-profiled nmethods': size=120000Kb used=4185Kb max_used=4617Kb free=115814Kb
 bounds [0x0000029e8fea0000, 0x0000029e90330000, 0x0000029e973d0000]
CodeHeap 'profiled nmethods': size=120000Kb used=12761Kb max_used=13171Kb free=107238Kb
 bounds [0x0000029e883d0000, 0x0000029e890b0000, 0x0000029e8f900000]
CodeHeap 'non-nmethods': size=5760Kb used=2821Kb max_used=2851Kb free=2938Kb
 bounds [0x0000029e8f900000, 0x0000029e8fbd0000, 0x0000029e8fea0000]
 total_blobs=7528 nmethods=6600 adapters=831
 compilation: enabled
              stopped_count=0, restarted_count=0
 full_count=0

Compilation events (20 events):
Event: 82.219 Thread 0x0000029e9b232560 7329       1       org.gradle.api.internal.artifacts.ivyservice.ivyresolve.CachingModuleComponentRepository::access$200 (5 bytes)
Event: 82.219 Thread 0x0000029e9b232560 nmethod 7329 0x0000029e8fff9f90 code [0x0000029e8fffa120, 0x0000029e8fffa1d0]
Event: 82.219 Thread 0x0000029e9b232560 7330       1       org.gradle.api.internal.artifacts.repositories.resolver.ExternalResourceResolver::getId (5 bytes)
Event: 82.219 Thread 0x0000029e9b232560 nmethod 7330 0x0000029e8fff9c90 code [0x0000029e8fff9e20, 0x0000029e8fff9ee8]
Event: 82.219 Thread 0x0000029e9b232560 7331       3       org.gradle.internal.time.DefaultTimer::getElapsedMillis (29 bytes)
Event: 82.219 Thread 0x0000029e9b232560 nmethod 7331 0x0000029e88601d90 code [0x0000029e88601f60, 0x0000029e88602270]
Event: 82.220 Thread 0x0000029e9b232560 7332       3       org.gradle.internal.time.DefaultCountdownTimer::hasExpired (15 bytes)
Event: 82.220 Thread 0x0000029e9b232560 nmethod 7332 0x0000029e88925310 code [0x0000029e889254e0, 0x0000029e88925840]
Event: 82.220 Thread 0x0000029e9b232560 7333       3       org.gradle.internal.time.DefaultCountdownTimer::getRemainingMillis (14 bytes)
Event: 82.220 Thread 0x0000029e9b232560 nmethod 7333 0x0000029e88a27190 code [0x0000029e88a27340, 0x0000029e88a275d0]
Event: 82.220 Thread 0x0000029e9b232560 7334       3       org.gradle.cache.internal.DefaultCacheCoordinator::access$300 (5 bytes)
Event: 82.220 Thread 0x0000029e9b232560 nmethod 7334 0x0000029e88a06610 code [0x0000029e88a067c0, 0x0000029e88a068e0]
Event: 82.221 Thread 0x0000029e9b232560 7336   !   3       java.io.File::toPath (54 bytes)
Event: 82.222 Thread 0x0000029e9b232560 nmethod 7336 0x0000029e88565710 code [0x0000029e88565900, 0x0000029e88565f40]
Event: 82.222 Thread 0x0000029e9b232560 7337       3       org.gradle.cache.internal.cacheops.CacheAccessOperationsStack::pushCacheAction (11 bytes)
Event: 82.223 Thread 0x0000029e9b232560 nmethod 7337 0x0000029e88950990 code [0x0000029e88950b80, 0x0000029e88951158]
Event: 82.223 Thread 0x0000029e9b232560 7339       3       com.google.common.cache.LocalCache$Segment::scheduleRefresh (66 bytes)
Event: 82.223 Thread 0x0000029e9b232560 nmethod 7339 0x0000029e88b0c010 code [0x0000029e88b0c220, 0x0000029e88b0c820]
Event: 82.223 Thread 0x0000029e9b232560 7338       3       org.gradle.cache.internal.cacheops.CacheAccessOperationsStack::getOrCreateStack (33 bytes)
Event: 84.240 Thread 0x0000029e9b232560 nmethod 7338 0x0000029e8840b290 code [0x0000029e8840b480, 0x0000029e8840b978]

GC Heap History (20 events):
Event: 0.351 GC heap before
{Heap before GC invocations=0 (full 0):
 garbage-first heap   total 262144K, used 22528K [0x00000000e0000000, 0x0000000100000000)
  region size 1024K, 23 young (23552K), 0 survivors (0K)
 Metaspace       used 1053K, committed 1152K, reserved 393216K
  class space    used 77K, committed 128K, reserved 327680K
}
Event: 0.354 GC heap after
{Heap after GC invocations=1 (full 0):
 garbage-first heap   total 262144K, used 2005K [0x00000000e0000000, 0x0000000100000000)
  region size 1024K, 2 young (2048K), 2 survivors (2048K)
 Metaspace       used 1053K, committed 1152K, reserved 393216K
  class space    used 77K, committed 128K, reserved 327680K
}
Event: 0.942 GC heap before
{Heap before GC invocations=1 (full 0):
 garbage-first heap   total 262144K, used 40917K [0x00000000e0000000, 0x0000000100000000)
  region size 1024K, 38 young (38912K), 2 survivors (2048K)
 Metaspace       used 4393K, committed 4608K, reserved 393216K
  class space    used 541K, committed 640K, reserved 327680K
}
Event: 0.947 GC heap after
{Heap after GC invocations=2 (full 0):
 garbage-first heap   total 262144K, used 11132K [0x00000000e0000000, 0x0000000100000000)
  region size 1024K, 5 young (5120K), 5 survivors (5120K)
 Metaspace       used 4393K, committed 4608K, reserved 393216K
  class space    used 541K, committed 640K, reserved 327680K
}
Event: 1.570 GC heap before
{Heap before GC invocations=2 (full 0):
 garbage-first heap   total 262144K, used 65404K [0x00000000e0000000, 0x0000000100000000)
  region size 1024K, 56 young (57344K), 5 survivors (5120K)
 Metaspace       used 5975K, committed 6208K, reserved 393216K
  class space    used 775K, committed 896K, reserved 327680K
}
Event: 1.575 GC heap after
{Heap after GC invocations=3 (full 0):
 garbage-first heap   total 262144K, used 17813K [0x00000000e0000000, 0x0000000100000000)
  region size 1024K, 6 young (6144K), 6 survivors (6144K)
 Metaspace       used 5975K, committed 6208K, reserved 393216K
  class space    used 775K, committed 896K, reserved 327680K
}
Event: 3.479 GC heap before
{Heap before GC invocations=3 (full 0):
 garbage-first heap   total 262144K, used 102805K [0x00000000e0000000, 0x0000000100000000)
  region size 1024K, 90 young (92160K), 6 survivors (6144K)
 Metaspace       used 20826K, committed 21504K, reserved 393216K
  class space    used 2975K, committed 3328K, reserved 327680K
}
Event: 3.490 GC heap after
{Heap after GC invocations=4 (full 0):
 garbage-first heap   total 262144K, used 23919K [0x00000000e0000000, 0x0000000100000000)
  region size 1024K, 12 young (12288K), 12 survivors (12288K)
 Metaspace       used 20826K, committed 21504K, reserved 393216K
  class space    used 2975K, committed 3328K, reserved 327680K
}
Event: 6.174 GC heap before
{Heap before GC invocations=5 (full 0):
 garbage-first heap   total 262144K, used 119151K [0x00000000e0000000, 0x0000000100000000)
  region size 1024K, 107 young (109568K), 12 survivors (12288K)
 Metaspace       used 34897K, committed 35968K, reserved 393216K
  class space    used 4908K, committed 5440K, reserved 327680K
}
Event: 6.188 GC heap after
{Heap after GC invocations=6 (full 0):
 garbage-first heap   total 262144K, used 32648K [0x00000000e0000000, 0x0000000100000000)
  region size 1024K, 15 young (15360K), 15 survivors (15360K)
 Metaspace       used 34897K, committed 35968K, reserved 393216K
  class space    used 4908K, committed 5440K, reserved 327680K
}
Event: 6.206 GC heap before
{Heap before GC invocations=6 (full 0):
 garbage-first heap   total 262144K, used 33672K [0x00000000e0000000, 0x0000000100000000)
  region size 1024K, 17 young (17408K), 15 survivors (15360K)
 Metaspace       used 35232K, committed 36288K, reserved 393216K
  class space    used 4924K, committed 5440K, reserved 327680K
}
Event: 6.215 GC heap after
{Heap after GC invocations=7 (full 0):
 garbage-first heap   total 262144K, used 32608K [0x00000000e0000000, 0x0000000100000000)
  region size 1024K, 9 young (9216K), 9 survivors (9216K)
 Metaspace       used 35232K, committed 36288K, reserved 393216K
  class space    used 4924K, committed 5440K, reserved 327680K
}
Event: 6.276 GC heap before
{Heap before GC invocations=7 (full 0):
 garbage-first heap   total 262144K, used 34656K [0x00000000e0000000, 0x0000000100000000)
  region size 1024K, 13 young (13312K), 9 survivors (9216K)
 Metaspace       used 35565K, committed 36608K, reserved 393216K
  class space    used 4960K, committed 5504K, reserved 327680K
}
Event: 6.284 GC heap after
{Heap after GC invocations=8 (full 0):
 garbage-first heap   total 262144K, used 32420K [0x00000000e0000000, 0x0000000100000000)
  region size 1024K, 9 young (9216K), 9 survivors (9216K)
 Metaspace       used 35565K, committed 36608K, reserved 393216K
  class space    used 4960K, committed 5504K, reserved 327680K
}
Event: 8.695 GC heap before
{Heap before GC invocations=9 (full 0):
 garbage-first heap   total 262144K, used 186020K [0x00000000e0000000, 0x0000000100000000)
  region size 1024K, 153 young (156672K), 9 survivors (9216K)
 Metaspace       used 49389K, committed 51136K, reserved 393216K
  class space    used 6898K, committed 7744K, reserved 327680K
}
Event: 8.710 GC heap after
{Heap after GC invocations=10 (full 0):
 garbage-first heap   total 262144K, used 41721K [0x00000000e0000000, 0x0000000100000000)
  region size 1024K, 18 young (18432K), 18 survivors (18432K)
 Metaspace       used 49389K, committed 51136K, reserved 393216K
  class space    used 6898K, committed 7744K, reserved 327680K
}
Event: 81.198 GC heap before
{Heap before GC invocations=10 (full 0):
 garbage-first heap   total 262144K, used 124665K [0x00000000e0000000, 0x0000000100000000)
  region size 1024K, 101 young (103424K), 18 survivors (18432K)
 Metaspace       used 59495K, committed 61376K, reserved 393216K
  class space    used 8244K, committed 9216K, reserved 327680K
}
Event: 81.215 GC heap after
{Heap after GC invocations=11 (full 0):
 garbage-first heap   total 262144K, used 47849K [0x00000000e0000000, 0x0000000100000000)
  region size 1024K, 17 young (17408K), 17 survivors (17408K)
 Metaspace       used 59495K, committed 61376K, reserved 393216K
  class space    used 8244K, committed 9216K, reserved 327680K
}
Event: 81.293 GC heap before
{Heap before GC invocations=11 (full 0):
 garbage-first heap   total 262144K, used 50921K [0x00000000e0000000, 0x0000000100000000)
  region size 1024K, 21 young (21504K), 17 survivors (17408K)
 Metaspace       used 59826K, committed 61696K, reserved 393216K
  class space    used 8296K, committed 9216K, reserved 327680K
}
Event: 81.302 GC heap after
{Heap after GC invocations=12 (full 0):
 garbage-first heap   total 262144K, used 48474K [0x00000000e0000000, 0x0000000100000000)
  region size 1024K, 8 young (8192K), 8 survivors (8192K)
 Metaspace       used 59826K, committed 61696K, reserved 393216K
  class space    used 8296K, committed 9216K, reserved 327680K
}

Dll operation events (15 events):
Event: 0.012 Loaded shared library C:\Program Files\Java\jdk-21\bin\java.dll
Event: 0.039 Loaded shared library C:\Program Files\Java\jdk-21\bin\jsvml.dll
Event: 0.074 Loaded shared library C:\Program Files\Java\jdk-21\bin\zip.dll
Event: 0.078 Loaded shared library C:\Program Files\Java\jdk-21\bin\instrument.dll
Event: 0.083 Loaded shared library C:\Program Files\Java\jdk-21\bin\net.dll
Event: 0.086 Loaded shared library C:\Program Files\Java\jdk-21\bin\nio.dll
Event: 0.089 Loaded shared library C:\Program Files\Java\jdk-21\bin\zip.dll
Event: 0.314 Loaded shared library C:\Program Files\Java\jdk-21\bin\jimage.dll
Event: 0.440 Loaded shared library C:\Program Files\Java\jdk-21\bin\verify.dll
Event: 0.531 Loaded shared library C:\Users\emiis\.gradle\native\1def1411415f61bf3af743bc5b6707747c0891f09f0c88961ee8f79bc544acac\windows-amd64\native-platform.dll
Event: 0.540 Loaded shared library C:\Users\emiis\.gradle\native\0.2.7\x86_64-windows-gnu\gradle-fileevents.dll
Event: 1.588 Loaded shared library C:\Program Files\Java\jdk-21\bin\management.dll
Event: 1.600 Loaded shared library C:\Program Files\Java\jdk-21\bin\management_ext.dll
Event: 1.752 Loaded shared library C:\Program Files\Java\jdk-21\bin\extnet.dll
Event: 2.069 Loaded shared library C:\Program Files\Java\jdk-21\bin\sunmscapi.dll

Deoptimization events (20 events):
Event: 82.202 Thread 0x0000029eb54919b0 DEOPT PACKING pc=0x0000029e9009bbe4 sp=0x000000f99d5fdea0
Event: 82.202 Thread 0x0000029eb54919b0 DEOPT UNPACKING pc=0x0000029e8f9546a2 sp=0x000000f99d5fde68 mode 2
Event: 82.202 Thread 0x0000029eb5490c90 DEOPT PACKING pc=0x0000029e9009bbe4 sp=0x000000f99d8fd9c0
Event: 82.202 Thread 0x0000029eb5490c90 DEOPT UNPACKING pc=0x0000029e8f9546a2 sp=0x000000f99d8fd988 mode 2
Event: 82.202 Thread 0x0000029eb54926d0 DEOPT PACKING pc=0x0000029e90000818 sp=0x000000f99d4fe360
Event: 82.202 Thread 0x0000029eb54926d0 DEOPT UNPACKING pc=0x0000029e8f9546a2 sp=0x000000f99d4fe308 mode 2
Event: 82.202 Thread 0x0000029eb54919b0 Uncommon trap: trap_request=0xffffff54 fr.pc=0x0000029e90000818 relative=0x0000000000004518
Event: 82.202 Thread 0x0000029eb5490c90 Uncommon trap: trap_request=0xffffff54 fr.pc=0x0000029e90000818 relative=0x0000000000004518
Event: 82.202 Thread 0x0000029eb54919b0 Uncommon trap: reason=speculate_null_assert action=make_not_entrant pc=0x0000029e90000818 method=java.lang.invoke.MethodType$ConcurrentWeakInternSet.add(Ljava/lang/Object;)Ljava/lang/Object; @ 47 c2
Event: 82.202 Thread 0x0000029eb5490c90 Uncommon trap: reason=speculate_null_assert action=make_not_entrant pc=0x0000029e90000818 method=java.lang.invoke.MethodType$ConcurrentWeakInternSet.add(Ljava/lang/Object;)Ljava/lang/Object; @ 47 c2
Event: 82.202 Thread 0x0000029eb54919b0 DEOPT PACKING pc=0x0000029e90000818 sp=0x000000f99d5fe080
Event: 82.202 Thread 0x0000029eb54919b0 DEOPT UNPACKING pc=0x0000029e8f9546a2 sp=0x000000f99d5fe028 mode 2
Event: 82.202 Thread 0x0000029eb5490c90 DEOPT PACKING pc=0x0000029e90000818 sp=0x000000f99d8fdba0
Event: 82.202 Thread 0x0000029eb5490c90 DEOPT UNPACKING pc=0x0000029e8f9546a2 sp=0x000000f99d8fdb48 mode 2
Event: 82.204 Thread 0x0000029eb5492040 Uncommon trap: trap_request=0xffffff45 fr.pc=0x0000029e8ff6e0ac relative=0x000000000000016c
Event: 82.204 Thread 0x0000029eb5492040 Uncommon trap: reason=unstable_if action=reinterpret pc=0x0000029e8ff6e0ac method=java.util.concurrent.ConcurrentHashMap.addCount(JI)V @ 34 c2
Event: 82.204 Thread 0x0000029eb5492040 DEOPT PACKING pc=0x0000029e8ff6e0ac sp=0x000000f99d7fe1b0
Event: 82.204 Thread 0x0000029eb5492040 DEOPT UNPACKING pc=0x0000029e8f9546a2 sp=0x000000f99d7fe110 mode 2
Event: 82.221 Thread 0x0000029eb5492040 DEOPT PACKING pc=0x0000029e88424a66 sp=0x000000f99d7fd650
Event: 82.221 Thread 0x0000029eb5492040 DEOPT UNPACKING pc=0x0000029e8f954e42 sp=0x000000f99d7fcbd0 mode 0

Classes loaded (20 events):
Event: 9.848 Loading class java/time/Instant$1
Event: 9.848 Loading class java/time/Instant$1 done
Event: 9.860 Loading class java/util/concurrent/LinkedBlockingDeque$Itr
Event: 9.860 Loading class java/util/concurrent/LinkedBlockingDeque$AbstractItr
Event: 9.860 Loading class java/util/concurrent/LinkedBlockingDeque$AbstractItr done
Event: 9.860 Loading class java/util/concurrent/LinkedBlockingDeque$Itr done
Event: 9.886 Loading class java/net/UrlDeserializedState
Event: 9.886 Loading class java/net/UrlDeserializedState done
Event: 9.890 Loading class java/util/concurrent/CompletableFuture$AsyncRun
Event: 9.890 Loading class java/util/concurrent/CompletableFuture$AsyncRun done
Event: 10.082 Loading class jdk/internal/math/FormattedFPDecimal
Event: 10.082 Loading class jdk/internal/math/FormattedFPDecimal done
Event: 75.943 Loading class java/lang/foreign/MemorySegment
Event: 75.944 Loading class java/lang/foreign/MemorySegment done
Event: 81.216 Loading class sun/security/ssl/Alert
Event: 81.217 Loading class sun/security/ssl/Alert done
Event: 81.217 Loading class sun/security/ssl/Alert$AlertConsumer
Event: 81.218 Loading class sun/security/ssl/Alert$AlertConsumer done
Event: 81.218 Loading class sun/security/ssl/Alert$Level
Event: 81.218 Loading class sun/security/ssl/Alert$Level done

Classes unloaded (0 events):
No events

Classes redefined (0 events):
No events

Internal exceptions (20 events):
Event: 78.958 Thread 0x0000029eb6603860 Exception <a 'sun/nio/fs/WindowsException'{0x00000000ec1ef0f8}> (0x00000000ec1ef0f8) 
thrown [s\open\src\hotspot\share\prims\jni.cpp, line 520]
Event: 78.958 Thread 0x0000029eb6603860 Exception <a 'sun/nio/fs/WindowsException'{0x00000000ec1f0878}> (0x00000000ec1f0878) 
thrown [s\open\src\hotspot\share\prims\jni.cpp, line 520]
Event: 78.958 Thread 0x0000029eb6603860 Exception <a 'sun/nio/fs/WindowsException'{0x00000000ec1f1fd8}> (0x00000000ec1f1fd8) 
thrown [s\open\src\hotspot\share\prims\jni.cpp, line 520]
Event: 80.866 Thread 0x0000029eb6603860 Exception <a 'java/lang/ClassNotFoundException'{0x00000000ebd8eab8}: build_a3g5o1yt074qx76xtmag5z4f7BeanInfo> (0x00000000ebd8eab8) 
thrown [s\open\src\hotspot\share\classfile\systemDictionary.cpp, line 312]
Event: 80.866 Thread 0x0000029eb6603860 Exception <a 'java/lang/ClassNotFoundException'{0x00000000ebd957e8}: build_a3g5o1yt074qx76xtmag5z4f7Customizer> (0x00000000ebd957e8) 
thrown [s\open\src\hotspot\share\classfile\systemDictionary.cpp, line 312]
Event: 80.893 Thread 0x0000029eb6603860 Exception <a 'java/lang/NoSuchMethodError'{0x00000000ebc037c0}: 'int java.lang.invoke.DirectMethodHandle$Holder.invokeSpecialIFC(java.lang.Object, java.lang.Object, java.lang.Object)'> (0x00000000ebc037c0) 
thrown [s\open\src\hotspot\share\interpreter\linkResolver.cpp, line 773]
Event: 80.976 Thread 0x0000029eb6603860 Exception <a 'java/lang/NoSuchMethodError'{0x00000000eb9ae108}: 'void java.lang.invoke.DirectMethodHandle$Holder.invokeStatic(java.lang.Object, java.lang.Object, java.lang.Object, int, java.lang.Object)'> (0x00000000eb9ae108) 
thrown [s\open\src\hotspot\share\interpreter\linkResolver.cpp, line 773]
Event: 80.982 Thread 0x0000029eb6603860 Exception <a 'java/lang/NoSuchMethodError'{0x00000000eb9eebc0}: 'int java.lang.invoke.DirectMethodHandle$Holder.invokeInterface(java.lang.Object, java.lang.Object, java.lang.Object, java.lang.Object, java.lang.Object)'> (0x00000000eb9eebc0) 
thrown [s\open\src\hotspot\share\interpreter\linkResolver.cpp, line 773]
Event: 81.013 Thread 0x0000029eb6603860 Exception <a 'java/lang/NoSuchMethodError'{0x00000000eb7be140}: 'java.lang.Object java.lang.invoke.DirectMethodHandle$Holder.invokeVirtual(java.lang.Object, java.lang.Object, java.lang.Object, java.lang.Object, java.lang.Object, java.lang.Object, java.lang.Object, java.lang.Object, java.lang.Object, java.lang.Object, java.lang.Object, java.lang.Object, java.lang.Object, java.lang.Object, java.lang.Object)'> (0x00000000eb7be140) 
thrown [s\open\src\hotspot\share\interpreter\linkResolver.cpp, line 773]
Event: 81.020 Thread 0x0000029eb6603860 Exception <a 'java/lang/NoSuchMethodError'{0x00000000eb6a05e8}: 'java.lang.Object java.lang.invoke.DirectMethodHandle$Holder.newInvokeSpecial(java.lang.Object, java.lang.Object, java.lang.Object, java.lang.Object, java.lang.Object, java.lang.Object, java.lang.Object, java.lang.Object, java.lang.Object, java.lang.Object, java.lang.Object, java.lang.Object, java.lang.Object)'> (0x00000000eb6a05e8) 
thrown [s\open\src\hotspot\share\interpreter\linkResolver.cpp, line 773]
Event: 81.100 Thread 0x0000029eb6603860 Exception <a 'java/lang/NoSuchMethodError'{0x00000000eb188870}: 'int java.lang.invoke.DirectMethodHandle$Holder.invokeInterface(java.lang.Object, java.lang.Object, java.lang.Object, java.lang.Object)'> (0x00000000eb188870) 
thrown [s\open\src\hotspot\share\interpreter\linkResolver.cpp, line 773]
Event: 81.146 Thread 0x0000029eb6603860 Exception <a 'java/lang/NoSuchMethodError'{0x00000000eaf624f8}: 'java.lang.Object java.lang.invoke.DirectMethodHandle$Holder.invokeStatic(java.lang.Object, long, java.lang.Object)'> (0x00000000eaf624f8) 
thrown [s\open\src\hotspot\share\interpreter\linkResolver.cpp, line 773]
Event: 81.147 Thread 0x0000029eb6603860 Exception <a 'java/lang/NoSuchMethodError'{0x00000000eaf69800}: 'java.lang.Object java.lang.invoke.DirectMethodHandle$Holder.newInvokeSpecial(java.lang.Object, long)'> (0x00000000eaf69800) 
thrown [s\open\src\hotspot\share\interpreter\linkResolver.cpp, line 773]
Event: 81.154 Thread 0x0000029eb6603860 Exception <a 'java/lang/NoSuchMethodError'{0x00000000eafce6a0}: 'java.lang.Object java.lang.invoke.DirectMethodHandle$Holder.newInvokeSpecial(java.lang.Object, java.lang.Object, java.lang.Object, java.lang.Object, java.lang.Object, long, java.lang.Object)'> (0x00000000eafce6a0) 
thrown [s\open\src\hotspot\share\interpreter\linkResolver.cpp, line 773]
Event: 81.155 Thread 0x0000029eb6603860 Exception <a 'java/lang/NoSuchMethodError'{0x00000000eafd7048}: 'java.lang.Object java.lang.invoke.Invokers$Holder.linkToTargetMethod(java.lang.Object, java.lang.Object, java.lang.Object, java.lang.Object, long, java.lang.Object, java.lang.Object)'> (0x00000000eafd7048) 
thrown [s\open\src\hotspot\share\interpreter\linkResolver.cpp, line 773]
Event: 81.159 Thread 0x0000029eb6603860 Exception <a 'java/lang/NoSuchMethodError'{0x00000000eae1ca00}: 'java.lang.Object java.lang.invoke.DirectMethodHandle$Holder.newInvokeSpecial(java.lang.Object, java.lang.Object, java.lang.Object, long, java.lang.Object)'> (0x00000000eae1ca00) 
thrown [s\open\src\hotspot\share\interpreter\linkResolver.cpp, line 773]
Event: 81.160 Thread 0x0000029eb6603860 Exception <a 'java/lang/NoSuchMethodError'{0x00000000eae21678}: 'java.lang.Object java.lang.invoke.DirectMethodHandle$Holder.invokeSpecial(java.lang.Object, java.lang.Object, java.lang.Object, java.lang.Object, long, java.lang.Object)'> (0x00000000eae21678) 
thrown [s\open\src\hotspot\share\interpreter\linkResolver.cpp, line 773]
Event: 81.160 Thread 0x0000029eb6603860 Exception <a 'java/lang/NoSuchMethodError'{0x00000000eae25bb0}: 'java.lang.Object java.lang.invoke.Invokers$Holder.linkToTargetMethod(java.lang.Object, java.lang.Object, long, java.lang.Object, java.lang.Object)'> (0x00000000eae25bb0) 
thrown [s\open\src\hotspot\share\interpreter\linkResolver.cpp, line 773]
Event: 81.218 Thread 0x0000029e9b216280 Implicit null exception at 0x0000029e8ffb4d07 to 0x0000029e8ffb4dcc
Event: 81.245 Thread 0x0000029eb6603860 Exception <a 'java/lang/NoSuchMethodError'{0x00000000efd3e370}: 'java.lang.Object java.lang.invoke.DirectMethodHandle$Holder.invokeSpecial(java.lang.Object, java.lang.Object, long, java.lang.Object, java.lang.Object)'> (0x00000000efd3e370) 
thrown [s\open\src\hotspot\share\interpreter\linkResolver.cpp, line 773]

ZGC Phase Switch (0 events):
No events

VM Operations (20 events):
Event: 79.201 Executing VM operation: Cleanup done
Event: 80.203 Executing VM operation: Cleanup
Event: 80.732 Executing VM operation: Cleanup done
Event: 80.927 Executing VM operation: HandshakeAllThreads (Deoptimize)
Event: 80.927 Executing VM operation: HandshakeAllThreads (Deoptimize) done
Event: 81.097 Executing VM operation: HandshakeAllThreads (Deoptimize)
Event: 81.097 Executing VM operation: HandshakeAllThreads (Deoptimize) done
Event: 81.198 Executing VM operation: CollectForMetadataAllocation (Metadata GC Threshold)
Event: 81.215 Executing VM operation: CollectForMetadataAllocation (Metadata GC Threshold) done
Event: 81.227 Executing VM operation: HandshakeAllThreads (Deoptimize)
Event: 81.227 Executing VM operation: HandshakeAllThreads (Deoptimize) done
Event: 81.231 Executing VM operation: HandshakeAllThreads (Deoptimize)
Event: 81.231 Executing VM operation: HandshakeAllThreads (Deoptimize) done
Event: 81.293 Executing VM operation: CollectForMetadataAllocation (Metadata GC Threshold)
Event: 81.302 Executing VM operation: CollectForMetadataAllocation (Metadata GC Threshold) done
Event: 81.331 Executing VM operation: G1PauseRemark
Event: 81.336 Executing VM operation: G1PauseRemark done
Event: 81.348 Executing VM operation: G1PauseCleanup
Event: 81.348 Executing VM operation: G1PauseCleanup done
Event: 82.363 Executing VM operation: Cleanup

Events (20 events):
Event: 81.334 Thread 0x0000029e9b0d9d20 flushing nmethod 0x0000029e88a0e390
Event: 81.334 Thread 0x0000029e9b0d9d20 flushing nmethod 0x0000029e88a4db90
Event: 81.334 Thread 0x0000029e9b0d9d20 flushing nmethod 0x0000029e88a4df90
Event: 81.334 Thread 0x0000029e9b0d9d20 flushing nmethod 0x0000029e88a4ec90
Event: 81.334 Thread 0x0000029e9b0d9d20 flushing nmethod 0x0000029e88a4f090
Event: 81.334 Thread 0x0000029e9b0d9d20 flushing nmethod 0x0000029e88a9b090
Event: 81.334 Thread 0x0000029e9b0d9d20 flushing nmethod 0x0000029e88a9b710
Event: 81.334 Thread 0x0000029e9b0d9d20 flushing nmethod 0x0000029e88b04290
Event: 81.334 Thread 0x0000029e9b0d9d20 flushing nmethod 0x0000029e88b04890
Event: 81.334 Thread 0x0000029e9b0d9d20 flushing nmethod 0x0000029e88b7a710
Event: 81.334 Thread 0x0000029e9b0d9d20 flushing nmethod 0x0000029e88b7b290
Event: 81.334 Thread 0x0000029e9b0d9d20 flushing nmethod 0x0000029e88b7b710
Event: 81.334 Thread 0x0000029e9b0d9d20 flushing nmethod 0x0000029e88bb7f90
Event: 82.201 Thread 0x0000029eb5490600 Thread added: 0x0000029eb5490600
Event: 82.201 Thread 0x0000029eb548ff70 Thread added: 0x0000029eb548ff70
Event: 82.201 Thread 0x0000029eb54926d0 Thread added: 0x0000029eb54926d0
Event: 82.201 Thread 0x0000029eb54919b0 Thread added: 0x0000029eb54919b0
Event: 82.201 Thread 0x0000029eb5492d60 Thread added: 0x0000029eb5492d60
Event: 82.201 Thread 0x0000029eb5492040 Thread added: 0x0000029eb5492040
Event: 82.201 Thread 0x0000029eb5490c90 Thread added: 0x0000029eb5490c90


Dynamic libraries:
0x00007ff7a5cb0000 - 0x00007ff7a5cc0000 	C:\Program Files\Java\jdk-21\bin\java.exe
0x00007ff88fb60000 - 0x00007ff88fdc5000 	C:\WINDOWS\SYSTEM32\ntdll.dll
0x00007ff88e560000 - 0x00007ff88e629000 	C:\WINDOWS\System32\KERNEL32.DLL
0x00007ff88d210000 - 0x00007ff88d5f8000 	C:\WINDOWS\System32\KERNELBASE.dll
0x00007ff88ccb0000 - 0x00007ff88cdfb000 	C:\WINDOWS\System32\ucrtbase.dll
0x00007ff86c100000 - 0x00007ff86c11b000 	C:\Program Files\Java\jdk-21\bin\VCRUNTIME140.dll
0x00007ff86b0a0000 - 0x00007ff86b0b9000 	C:\Program Files\Java\jdk-21\bin\jli.dll
0x00007ff88e0c0000 - 0x00007ff88e173000 	C:\WINDOWS\System32\ADVAPI32.dll
0x00007ff88e630000 - 0x00007ff88e6d9000 	C:\WINDOWS\System32\msvcrt.dll
0x00007ff88e6e0000 - 0x00007ff88e786000 	C:\WINDOWS\System32\sechost.dll
0x00007ff88d950000 - 0x00007ff88da65000 	C:\WINDOWS\System32\RPCRT4.dll
0x00007ff88f930000 - 0x00007ff88fafa000 	C:\WINDOWS\System32\USER32.dll
0x00007ff8749a0000 - 0x00007ff874c3a000 	C:\WINDOWS\WinSxS\amd64_microsoft.windows.common-controls_6595b64144ccf1df_6.0.26100.4202_none_3e0698d4e335f517\COMCTL32.dll
0x00007ff88d830000 - 0x00007ff88d857000 	C:\WINDOWS\System32\win32u.dll
0x00007ff88f120000 - 0x00007ff88f14b000 	C:\WINDOWS\System32\GDI32.dll
0x00007ff88ce00000 - 0x00007ff88cf37000 	C:\WINDOWS\System32\gdi32full.dll
0x00007ff88d780000 - 0x00007ff88d823000 	C:\WINDOWS\System32\msvcp_win.dll
0x00007ff8867f0000 - 0x00007ff8867fb000 	C:\WINDOWS\SYSTEM32\VERSION.dll
0x00007ff88e490000 - 0x00007ff88e4c0000 	C:\WINDOWS\System32\IMM32.DLL
0x00007ff887270000 - 0x00007ff88727c000 	C:\Program Files\Java\jdk-21\bin\vcruntime140_1.dll
0x00007ff842940000 - 0x00007ff8429ce000 	C:\Program Files\Java\jdk-21\bin\msvcp140.dll
0x00007ff827850000 - 0x00007ff82856a000 	C:\Program Files\Java\jdk-21\bin\server\jvm.dll
0x00007ff88dba0000 - 0x00007ff88dc14000 	C:\WINDOWS\System32\WS2_32.dll
0x00007ff88b8f0000 - 0x00007ff88b94e000 	C:\WINDOWS\SYSTEM32\POWRPROF.dll
0x00007ff87f870000 - 0x00007ff87f8a5000 	C:\WINDOWS\SYSTEM32\WINMM.dll
0x00007ff88b8d0000 - 0x00007ff88b8e4000 	C:\WINDOWS\SYSTEM32\UMPDC.dll
0x00007ff88bb90000 - 0x00007ff88bbab000 	C:\WINDOWS\SYSTEM32\kernel.appcore.dll
0x00007ff877000000 - 0x00007ff87700a000 	C:\Program Files\Java\jdk-21\bin\jimage.dll
0x00007ff8855c0000 - 0x00007ff885801000 	C:\WINDOWS\SYSTEM32\DBGHELP.DLL
0x00007ff88eca0000 - 0x00007ff88f025000 	C:\WINDOWS\System32\combase.dll
0x00007ff88f030000 - 0x00007ff88f111000 	C:\WINDOWS\System32\OLEAUT32.dll
0x00007ff868550000 - 0x00007ff868589000 	C:\WINDOWS\SYSTEM32\dbgcore.DLL
0x00007ff88d860000 - 0x00007ff88d8f9000 	C:\WINDOWS\System32\bcryptPrimitives.dll
0x00007ff870f40000 - 0x00007ff870f4f000 	C:\Program Files\Java\jdk-21\bin\instrument.dll
0x00007ff866750000 - 0x00007ff86676f000 	C:\Program Files\Java\jdk-21\bin\java.dll
0x00007ff88f150000 - 0x00007ff88f892000 	C:\WINDOWS\System32\SHELL32.dll
0x00007ff88d090000 - 0x00007ff88d204000 	C:\WINDOWS\System32\wintypes.dll
0x00007ff88a950000 - 0x00007ff88b1a7000 	C:\WINDOWS\SYSTEM32\windows.storage.dll
0x00007ff88e820000 - 0x00007ff88e911000 	C:\WINDOWS\System32\SHCORE.dll
0x00007ff88e7b0000 - 0x00007ff88e81a000 	C:\WINDOWS\System32\shlwapi.dll
0x00007ff88cb90000 - 0x00007ff88cbbf000 	C:\WINDOWS\SYSTEM32\profapi.dll
0x00007ff83a4e0000 - 0x00007ff83a5b7000 	C:\Program Files\Java\jdk-21\bin\jsvml.dll
0x00007ff866730000 - 0x00007ff866748000 	C:\Program Files\Java\jdk-21\bin\zip.dll
0x00007ff870c10000 - 0x00007ff870c20000 	C:\Program Files\Java\jdk-21\bin\net.dll
0x00007ff886c70000 - 0x00007ff886d8e000 	C:\WINDOWS\SYSTEM32\WINHTTP.dll
0x00007ff88c100000 - 0x00007ff88c16a000 	C:\WINDOWS\system32\mswsock.dll
0x00007ff866710000 - 0x00007ff866726000 	C:\Program Files\Java\jdk-21\bin\nio.dll
0x00007ff870be0000 - 0x00007ff870bf0000 	C:\Program Files\Java\jdk-21\bin\verify.dll
0x00007ff84bee0000 - 0x00007ff84bf07000 	C:\Users\emiis\.gradle\native\1def1411415f61bf3af743bc5b6707747c0891f09f0c88961ee8f79bc544acac\windows-amd64\native-platform.dll
0x00007ff837f60000 - 0x00007ff837fd8000 	C:\Users\emiis\.gradle\native\0.2.7\x86_64-windows-gnu\gradle-fileevents.dll
0x00007ff86eff0000 - 0x00007ff86effa000 	C:\Program Files\Java\jdk-21\bin\management.dll
0x00007ff86eb50000 - 0x00007ff86eb5b000 	C:\Program Files\Java\jdk-21\bin\management_ext.dll
0x00007ff88fb10000 - 0x00007ff88fb18000 	C:\WINDOWS\System32\PSAPI.DLL
0x00007ff88b4a0000 - 0x00007ff88b4d3000 	C:\WINDOWS\SYSTEM32\IPHLPAPI.DLL
0x00007ff88fb00000 - 0x00007ff88fb0a000 	C:\WINDOWS\System32\NSI.dll
0x00007ff86e7e0000 - 0x00007ff86e7e9000 	C:\Program Files\Java\jdk-21\bin\extnet.dll
0x00007ff88c3b0000 - 0x00007ff88c3cb000 	C:\WINDOWS\SYSTEM32\CRYPTSP.dll
0x00007ff88baf0000 - 0x00007ff88bb2a000 	C:\WINDOWS\system32\rsaenh.dll
0x00007ff88c1a0000 - 0x00007ff88c1cb000 	C:\WINDOWS\SYSTEM32\USERENV.dll
0x00007ff88cbd0000 - 0x00007ff88cbf6000 	C:\WINDOWS\SYSTEM32\bcrypt.dll
0x00007ff88c3d0000 - 0x00007ff88c3dc000 	C:\WINDOWS\SYSTEM32\CRYPTBASE.dll
0x00007ff86d780000 - 0x00007ff86d78e000 	C:\Program Files\Java\jdk-21\bin\sunmscapi.dll
0x00007ff88d600000 - 0x00007ff88d777000 	C:\WINDOWS\System32\CRYPT32.dll
0x00007ff88c5d0000 - 0x00007ff88c600000 	C:\WINDOWS\SYSTEM32\ncrypt.dll
0x00007ff88c580000 - 0x00007ff88c5bf000 	C:\WINDOWS\SYSTEM32\NTASN1.dll
0x00007ff877660000 - 0x00007ff877668000 	C:\WINDOWS\system32\wshunix.dll
0x00007ff88b5a0000 - 0x00007ff88b6c7000 	C:\WINDOWS\SYSTEM32\DNSAPI.dll
0x00007ff8852b0000 - 0x00007ff8852bb000 	C:\Windows\System32\rasadhlp.dll
0x00007ff886430000 - 0x00007ff8864b6000 	C:\WINDOWS\System32\fwpuclnt.dll

dbghelp: loaded successfully - version: 4.0.5 - missing functions: none
symbol engine: initialized successfully - sym options: 0x614 - pdb path: .;C:\Program Files\Java\jdk-21\bin;C:\WINDOWS\SYSTEM32;C:\WINDOWS\WinSxS\amd64_microsoft.windows.common-controls_6595b64144ccf1df_6.0.26100.4202_none_3e0698d4e335f517;C:\Program Files\Java\jdk-21\bin\server;C:\Users\emiis\.gradle\native\1def1411415f61bf3af743bc5b6707747c0891f09f0c88961ee8f79bc544acac\windows-amd64;C:\Users\emiis\.gradle\native\0.2.7\x86_64-windows-gnu

VM Arguments:
jvm_args: --add-opens=java.base/java.lang=ALL-UNNAMED --add-opens=java.base/java.lang.invoke=ALL-UNNAMED --add-opens=java.base/java.util=ALL-UNNAMED --add-opens=java.prefs/java.util.prefs=ALL-UNNAMED --add-exports=jdk.compiler/com.sun.tools.javac.api=ALL-UNNAMED --add-exports=jdk.compiler/com.sun.tools.javac.util=ALL-UNNAMED --add-opens=java.base/java.util=ALL-UNNAMED --add-opens=java.prefs/java.util.prefs=ALL-UNNAMED --add-opens=java.base/java.nio.charset=ALL-UNNAMED --add-opens=java.base/java.net=ALL-UNNAMED --add-opens=java.base/java.util.concurrent.atomic=ALL-UNNAMED --add-opens=java.xml/javax.xml.namespace=ALL-UNNAMED -XX:MaxMetaspaceSize=384m -XX:+HeapDumpOnOutOfMemoryError -Xms256m -Xmx512m -Dfile.encoding=UTF-8 -Duser.country=BR -Duser.language=pt -Duser.variant -javaagent:C:\Users\emiis\.gradle\wrapper\dists\gradle-8.14-bin\38aieal9i53h9rfe7vjup95b9\gradle-8.14\lib\agents\gradle-instrumentation-agent-8.14.jar -Xmx512M 
java_command: org.gradle.launcher.daemon.bootstrap.GradleDaemon 8.14
java_class_path (initial): C:\Users\emiis\.gradle\wrapper\dists\gradle-8.14-bin\38aieal9i53h9rfe7vjup95b9\gradle-8.14\lib\gradle-daemon-main-8.14.jar
Launcher Type: SUN_STANDARD

[Global flags]
     intx CICompilerCount                          = 4                                         {product} {ergonomic}
   size_t CompressedClassSpaceSize                 = 335544320                                 {product} {ergonomic}
     uint ConcGCThreads                            = 2                                         {product} {ergonomic}
     uint G1ConcRefinementThreads                  = 8                                         {product} {ergonomic}
   size_t G1HeapRegionSize                         = 1048576                                   {product} {ergonomic}
    uintx GCDrainStackTargetSize                   = 64                                        {product} {ergonomic}
     bool HeapDumpOnOutOfMemoryError               = true                                   {manageable} {command line}
   size_t InitialHeapSize                          = 268435456                                 {product} {command line}
   size_t MarkStackSize                            = 4194304                                   {product} {ergonomic}
   size_t MaxHeapSize                              = 536870912                                 {product} {command line}
   size_t MaxMetaspaceSize                         = 402653184                                 {product} {command line}
   size_t MaxNewSize                               = 321912832                                 {product} {ergonomic}
   size_t MinHeapDeltaBytes                        = 1048576                                   {product} {ergonomic}
   size_t MinHeapSize                              = 268435456                                 {product} {command line}
    uintx NonNMethodCodeHeapSize                   = 5839372                                {pd product} {ergonomic}
    uintx NonProfiledCodeHeapSize                  = 122909434                              {pd product} {ergonomic}
    uintx ProfiledCodeHeapSize                     = 122909434                              {pd product} {ergonomic}
    uintx ReservedCodeCacheSize                    = 251658240                              {pd product} {ergonomic}
     bool SegmentedCodeCache                       = true                                      {product} {ergonomic}
   size_t SoftMaxHeapSize                          = 536870912                              {manageable} {ergonomic}
     bool UseCompressedOops                        = true                           {product lp64_product} {ergonomic}
     bool UseG1GC                                  = true                                      {product} {ergonomic}
     bool UseLargePagesIndividualAllocation        = false                                  {pd product} {ergonomic}

Logging:
Log output configuration:
 #0: stdout all=warning uptime,level,tags foldmultilines=false
 #1: stderr all=off uptime,level,tags foldmultilines=false

Environment Variables:
JAVA_HOME=C:\Program Files\Java\jdk-21
_JAVA_OPTIONS=-Xmx512M
PATH=C:\Program Files\Common Files\Oracle\Java\javapath;C:\Program Files (x86)\Common Files\Oracle\Java\java8path;C:\Program Files (x86)\Common Files\Oracle\Java\javapath;C:\WINDOWS\system32;C:\WINDOWS;C:\WINDOWS\System32\Wbem;C:\WINDOWS\System32\WindowsPowerShell\v1.0\;C:\WINDOWS\System32\OpenSSH\;C:\Program Files\NVIDIA Corporation\NVIDIA app\NvDLISR;C:\Program Files (x86)\NVIDIA Corporation\PhysX\Common;C:\Program Files\Git\cmd;C:\Users\emiis\AppData\Local\Microsoft\WindowsApps\python.exe;C:\Users\emiis\AppData\Local\Programs\Python\Python3.13.2\Scripts\;C:\ProgramData\chocolatey\bin;C:\Users\emiis\Desktop\jdk-21_windows-x64_bin;C:\Program Files\maven\bin;C:\Users\emiis\AppData\Local\Programs\Python\Python313\Scripts\;C:\Users\emiis\AppData\Local\Programs\Python\Python313\;C:\Users\emiis\AppData\Local\Programs\Python\Launcher\;C:\Users\emiis\AppData\Local\Microsoft\WindowsApps;C:\Users\emiis\AppData\Local\Programs\Microsoft VS Code\bin;C:\Program Files\Zstandard;C:\Program Files\maven\bin
USERNAME=emiis
OS=Windows_NT
PROCESSOR_IDENTIFIER=AMD64 Family 23 Model 96 Stepping 1, AuthenticAMD
TMP=C:\Users\emiis\AppData\Local\Temp
TEMP=C:\Users\emiis\AppData\Local\Temp




Periodic native trim disabled

---------------  S Y S T E M  ---------------

OS:
 Windows 11 , 64 bit Build 26100 (10.0.26100.4202)
OS uptime: 1 days 1:20 hours

CPU: total 8 (initial active 8) (8 cores per cpu, 2 threads per core) family 23 model 96 stepping 1 microcode 0x8600106, cx8, cmov, fxsr, ht, mmx, 3dnowpref, sse, sse2, sse3, ssse3, sse4a, sse4.1, sse4.2, popcnt, lzcnt, tsc, tscinvbit, avx, avx2, aes, clmul, bmi1, bmi2, adx, sha, fma, vzeroupper, clflush, clflushopt, rdtscp, rdpid, f16c
Processor Information for all 8 processors :
  Max Mhz: 3800, Current Mhz: 3800, Mhz Limit: 3800

Memory: 4k page, system-wide physical 7566M (715M free)
TotalPageFile size 15758M (AvailPageFile size 0M)
current process WorkingSet (physical memory assigned to process): 398M, peak: 404M
current process commit charge ("private bytes"): 485M, peak: 502M

vm_info: Java HotSpot(TM) 64-Bit Server VM (21.0.7+8-LTS-245) for windows-amd64 JRE (21.0.7+8-LTS-245), built on 2025-02-21T05:11:27Z by "mach5one" with MS VC++ 17.6 (VS2022)

END.
